LCD_HD44780_I2C.c:45:6:LCD_SendDataToExpander	24	static
LCD_HD44780_I2C.c:53:20:LCD_SetDataPort	16	static
LCD_HD44780_I2C.c:74:20:LCD_SetRS	8	static
LCD_HD44780_I2C.c:80:20:LCD_ClearRS	8	static
LCD_HD44780_I2C.c:86:20:LCD_SetEN	8	static
LCD_HD44780_I2C.c:92:20:LCD_ClearEN	8	static
LCD_HD44780_I2C.c:104:20:LCD_ClearRW	8	static
LCD_HD44780_I2C.c:110:6:LCD_BacklightOff	8	static
LCD_HD44780_I2C.c:116:6:LCD_BacklightOn	8	static
LCD_HD44780_I2C.c:125:6:LCD_WriteByte	16	static
LCD_HD44780_I2C.c:142:6:LCD_WriteCmd	16	static
LCD_HD44780_I2C.c:152:6:LCD_WriteData	16	static
LCD_HD44780_I2C.c:167:6:LCD_Char	16	static
LCD_HD44780_I2C.c:175:6:LCD_String	24	static
LCD_HD44780_I2C.c:185:6:LCD_Int	40	static
LCD_HD44780_I2C.c:195:6:LCD_Hex	40	static
LCD_HD44780_I2C.c:208:6:LCD_DefChar	24	static
LCD_HD44780_I2C.c:222:6:LCD_Home	8	static
LCD_HD44780_I2C.c:230:6:LCD_Cursor	16	static
LCD_HD44780_I2C.c:241:6:LCD_Blink	16	static
LCD_HD44780_I2C.c:252:6:LCD_Locate	16	static
LCD_HD44780_I2C.c:282:6:LCD_Cls	8	static
LCD_HD44780_I2C.c:290:6:LCD_Init	16	static
