Archive member included to satisfy reference by file (symbol)

c:/st/stm32cubeide_1.0.2/stm32cubeide/plugins/com.st.stm32cube.ide.mcu.externaltools.gnu-tools-for-stm32.7-2018-q2-update.win32_1.0.0.201904181610/tools/bin/../lib/gcc/arm-none-eabi/7.3.1/../../../../arm-none-eabi/lib/thumb/v7e-m/fpv4-sp/hard\libc_nano.a(lib_a-errno.o)
                              Src/syscalls.o (__errno)
c:/st/stm32cubeide_1.0.2/stm32cubeide/plugins/com.st.stm32cube.ide.mcu.externaltools.gnu-tools-for-stm32.7-2018-q2-update.win32_1.0.0.201904181610/tools/bin/../lib/gcc/arm-none-eabi/7.3.1/../../../../arm-none-eabi/lib/thumb/v7e-m/fpv4-sp/hard\libc_nano.a(lib_a-exit.o)
                              c:/st/stm32cubeide_1.0.2/stm32cubeide/plugins/com.st.stm32cube.ide.mcu.externaltools.gnu-tools-for-stm32.7-2018-q2-update.win32_1.0.0.201904181610/tools/bin/../lib/gcc/arm-none-eabi/7.3.1/../../../../arm-none-eabi/lib/thumb/v7e-m/fpv4-sp/hard/crt0.o (exit)
c:/st/stm32cubeide_1.0.2/stm32cubeide/plugins/com.st.stm32cube.ide.mcu.externaltools.gnu-tools-for-stm32.7-2018-q2-update.win32_1.0.0.201904181610/tools/bin/../lib/gcc/arm-none-eabi/7.3.1/../../../../arm-none-eabi/lib/thumb/v7e-m/fpv4-sp/hard\libc_nano.a(lib_a-impure.o)
                              c:/st/stm32cubeide_1.0.2/stm32cubeide/plugins/com.st.stm32cube.ide.mcu.externaltools.gnu-tools-for-stm32.7-2018-q2-update.win32_1.0.0.201904181610/tools/bin/../lib/gcc/arm-none-eabi/7.3.1/../../../../arm-none-eabi/lib/thumb/v7e-m/fpv4-sp/hard\libc_nano.a(lib_a-exit.o) (_global_impure_ptr)
c:/st/stm32cubeide_1.0.2/stm32cubeide/plugins/com.st.stm32cube.ide.mcu.externaltools.gnu-tools-for-stm32.7-2018-q2-update.win32_1.0.0.201904181610/tools/bin/../lib/gcc/arm-none-eabi/7.3.1/../../../../arm-none-eabi/lib/thumb/v7e-m/fpv4-sp/hard\libc_nano.a(lib_a-init.o)
                              c:/st/stm32cubeide_1.0.2/stm32cubeide/plugins/com.st.stm32cube.ide.mcu.externaltools.gnu-tools-for-stm32.7-2018-q2-update.win32_1.0.0.201904181610/tools/bin/../lib/gcc/arm-none-eabi/7.3.1/../../../../arm-none-eabi/lib/thumb/v7e-m/fpv4-sp/hard/crt0.o (__libc_init_array)
c:/st/stm32cubeide_1.0.2/stm32cubeide/plugins/com.st.stm32cube.ide.mcu.externaltools.gnu-tools-for-stm32.7-2018-q2-update.win32_1.0.0.201904181610/tools/bin/../lib/gcc/arm-none-eabi/7.3.1/../../../../arm-none-eabi/lib/thumb/v7e-m/fpv4-sp/hard\libc_nano.a(lib_a-memset.o)
                              c:/st/stm32cubeide_1.0.2/stm32cubeide/plugins/com.st.stm32cube.ide.mcu.externaltools.gnu-tools-for-stm32.7-2018-q2-update.win32_1.0.0.201904181610/tools/bin/../lib/gcc/arm-none-eabi/7.3.1/../../../../arm-none-eabi/lib/thumb/v7e-m/fpv4-sp/hard/crt0.o (memset)
c:/st/stm32cubeide_1.0.2/stm32cubeide/plugins/com.st.stm32cube.ide.mcu.externaltools.gnu-tools-for-stm32.7-2018-q2-update.win32_1.0.0.201904181610/tools/bin/../lib/gcc/arm-none-eabi/7.3.1/../../../../arm-none-eabi/lib/thumb/v7e-m/fpv4-sp/hard\libc_nano.a(lib_a-sprintf.o)
                              Src/LCD_HD44780_I2C.o (sprintf)
c:/st/stm32cubeide_1.0.2/stm32cubeide/plugins/com.st.stm32cube.ide.mcu.externaltools.gnu-tools-for-stm32.7-2018-q2-update.win32_1.0.0.201904181610/tools/bin/../lib/gcc/arm-none-eabi/7.3.1/../../../../arm-none-eabi/lib/thumb/v7e-m/fpv4-sp/hard\libc_nano.a(lib_a-nano-svfprintf.o)
                              c:/st/stm32cubeide_1.0.2/stm32cubeide/plugins/com.st.stm32cube.ide.mcu.externaltools.gnu-tools-for-stm32.7-2018-q2-update.win32_1.0.0.201904181610/tools/bin/../lib/gcc/arm-none-eabi/7.3.1/../../../../arm-none-eabi/lib/thumb/v7e-m/fpv4-sp/hard\libc_nano.a(lib_a-sprintf.o) (_svfprintf_r)
c:/st/stm32cubeide_1.0.2/stm32cubeide/plugins/com.st.stm32cube.ide.mcu.externaltools.gnu-tools-for-stm32.7-2018-q2-update.win32_1.0.0.201904181610/tools/bin/../lib/gcc/arm-none-eabi/7.3.1/../../../../arm-none-eabi/lib/thumb/v7e-m/fpv4-sp/hard\libc_nano.a(lib_a-nano-vfprintf_i.o)
                              c:/st/stm32cubeide_1.0.2/stm32cubeide/plugins/com.st.stm32cube.ide.mcu.externaltools.gnu-tools-for-stm32.7-2018-q2-update.win32_1.0.0.201904181610/tools/bin/../lib/gcc/arm-none-eabi/7.3.1/../../../../arm-none-eabi/lib/thumb/v7e-m/fpv4-sp/hard\libc_nano.a(lib_a-nano-svfprintf.o) (_printf_i)
c:/st/stm32cubeide_1.0.2/stm32cubeide/plugins/com.st.stm32cube.ide.mcu.externaltools.gnu-tools-for-stm32.7-2018-q2-update.win32_1.0.0.201904181610/tools/bin/../lib/gcc/arm-none-eabi/7.3.1/../../../../arm-none-eabi/lib/thumb/v7e-m/fpv4-sp/hard\libc_nano.a(lib_a-memchr.o)
                              c:/st/stm32cubeide_1.0.2/stm32cubeide/plugins/com.st.stm32cube.ide.mcu.externaltools.gnu-tools-for-stm32.7-2018-q2-update.win32_1.0.0.201904181610/tools/bin/../lib/gcc/arm-none-eabi/7.3.1/../../../../arm-none-eabi/lib/thumb/v7e-m/fpv4-sp/hard\libc_nano.a(lib_a-nano-svfprintf.o) (memchr)
[...]
Memory Configuration

Name             Origin             Length             Attributes
RAM              0x0000000020000000 0x0000000000018000 xrw
FLASH            0x0000000008000000 0x0000000000080000 xr
*default*        0x0000000000000000 0xffffffffffffffff

Linker script and memory map

LOAD c:/st/stm32cubeide_1.0.2/stm32cubeide/plugins/com.st.stm32cube.ide.mcu.externaltools.gnu-tools-for-stm32.7-2018-q2-update.win32_1.0.0.201904181610/tools/bin/../lib/gcc/arm-none-eabi/7.3.1/thumb/v7e-m/fpv4-sp/hard/crti.o
LOAD c:/st/stm32cubeide_1.0.2/stm32cubeide/plugins/com.st.stm32cube.ide.mcu.externaltools.gnu-tools-for-stm32.7-2018-q2-update.win32_1.0.0.201904181610/tools/bin/../lib/gcc/arm-none-eabi/7.3.1/thumb/v7e-m/fpv4-sp/hard/crtbegin.o
LOAD c:/st/stm32cubeide_1.0.2/stm32cubeide/plugins/com.st.stm32cube.ide.mcu.externaltools.gnu-tools-for-stm32.7-2018-q2-update.win32_1.0.0.201904181610/tools/bin/../lib/gcc/arm-none-eabi/7.3.1/../../../../arm-none-eabi/lib/thumb/v7e-m/fpv4-sp/hard/crt0.o
LOAD Drivers/STM32F4xx_HAL_Driver/Src/stm32f4xx_hal.o
LOAD Drivers/STM32F4xx_HAL_Driver/Src/stm32f4xx_hal_cortex.o
LOAD Drivers/STM32F4xx_HAL_Driver/Src/stm32f4xx_hal_dma.o
LOAD Drivers/STM32F4xx_HAL_Driver/Src/stm32f4xx_hal_dma_ex.o
LOAD Drivers/STM32F4xx_HAL_Driver/Src/stm32f4xx_hal_exti.o
LOAD Drivers/STM32F4xx_HAL_Driver/Src/stm32f4xx_hal_flash.o
LOAD Drivers/STM32F4xx_HAL_Driver/Src/stm32f4xx_hal_flash_ex.o
LOAD Drivers/STM32F4xx_HAL_Driver/Src/stm32f4xx_hal_flash_ramfunc.o
LOAD Drivers/STM32F4xx_HAL_Driver/Src/stm32f4xx_hal_gpio.o
LOAD Drivers/STM32F4xx_HAL_Driver/Src/stm32f4xx_hal_i2c.o
LOAD Drivers/STM32F4xx_HAL_Driver/Src/stm32f4xx_hal_i2c_ex.o
LOAD Drivers/STM32F4xx_HAL_Driver/Src/stm32f4xx_hal_pwr.o
LOAD Drivers/STM32F4xx_HAL_Driver/Src/stm32f4xx_hal_pwr_ex.o
LOAD Drivers/STM32F4xx_HAL_Driver/Src/stm32f4xx_hal_rcc.o
LOAD Drivers/STM32F4xx_HAL_Driver/Src/stm32f4xx_hal_rcc_ex.o
LOAD Drivers/STM32F4xx_HAL_Driver/Src/stm32f4xx_hal_rtc.o
LOAD Drivers/STM32F4xx_HAL_Driver/Src/stm32f4xx_hal_rtc_ex.o
LOAD Drivers/STM32F4xx_HAL_Driver/Src/stm32f4xx_hal_tim.o
LOAD Drivers/STM32F4xx_HAL_Driver/Src/stm32f4xx_hal_tim_ex.o
LOAD Drivers/STM32F4xx_HAL_Driver/Src/stm32f4xx_hal_uart.o
LOAD Src/LCD_HD44780_I2C.o
LOAD Src/delays.o
LOAD Src/dma.o
LOAD Src/gpio.o
LOAD Src/i2c.o
LOAD Src/main.o
LOAD Src/rtc.o
LOAD Src/stm32f4xx_hal_msp.o
LOAD Src/stm32f4xx_it.o
LOAD Src/syscalls.o
LOAD Src/sysmem.o
LOAD Src/system_stm32f4xx.o
LOAD Src/tim.o
LOAD Src/usart.o
LOAD Startup/startup_stm32f401retx.o
START GROUP
LOAD c:/st/stm32cubeide_1.0.2/stm32cubeide/plugins/com.st.stm32cube.ide.mcu.externaltools.gnu-tools-for-stm32.7-2018-q2-update.win32_1.0.0.201904181610/tools/bin/../lib/gcc/arm-none-eabi/7.3.1/../../../../arm-none-eabi/lib/thumb/v7e-m/fpv4-sp/hard\libc_nano.a
LOAD c:/st/stm32cubeide_1.0.2/stm32cubeide/plugins/com.st.stm32cube.ide.mcu.externaltools.gnu-tools-for-stm32.7-2018-q2-update.win32_1.0.0.201904181610/tools/bin/../lib/gcc/arm-none-eabi/7.3.1/../../../../arm-none-eabi/lib/thumb/v7e-m/fpv4-sp/hard\libm.a
END GROUP
START GROUP
LOAD c:/st/stm32cubeide_1.0.2/stm32cubeide/plugins/com.st.stm32cube.ide.mcu.externaltools.gnu-tools-for-stm32.7-2018-q2-update.win32_1.0.0.201904181610/tools/bin/../lib/gcc/arm-none-eabi/7.3.1/thumb/v7e-m/fpv4-sp/hard\libgcc.a
LOAD c:/st/stm32cubeide_1.0.2/stm32cubeide/plugins/com.st.stm32cube.ide.mcu.externaltools.gnu-tools-for-stm32.7-2018-q2-update.win32_1.0.0.201904181610/tools/bin/../lib/gcc/arm-none-eabi/7.3.1/../../../../arm-none-eabi/lib/thumb/v7e-m/fpv4-sp/hard\libc_nano.a
END GROUP
START GROUP
LOAD c:/st/stm32cubeide_1.0.2/stm32cubeide/plugins/com.st.stm32cube.ide.mcu.externaltools.gnu-tools-for-stm32.7-2018-q2-update.win32_1.0.0.201904181610/tools/bin/../lib/gcc/arm-none-eabi/7.3.1/thumb/v7e-m/fpv4-sp/hard\libgcc.a
LOAD c:/st/stm32cubeide_1.0.2/stm32cubeide/plugins/com.st.stm32cube.ide.mcu.externaltools.gnu-tools-for-stm32.7-2018-q2-update.win32_1.0.0.201904181610/tools/bin/../lib/gcc/arm-none-eabi/7.3.1/../../../../arm-none-eabi/lib/thumb/v7e-m/fpv4-sp/hard\libc_nano.a
LOAD c:/st/stm32cubeide_1.0.2/stm32cubeide/plugins/com.st.stm32cube.ide.mcu.externaltools.gnu-tools-for-stm32.7-2018-q2-update.win32_1.0.0.201904181610/tools/bin/../lib/gcc/arm-none-eabi/7.3.1/../../../../arm-none-eabi/lib/thumb/v7e-m/fpv4-sp/hard\libnosys.a
END GROUP
START GROUP
LOAD c:/st/stm32cubeide_1.0.2/stm32cubeide/plugins/com.st.stm32cube.ide.mcu.externaltools.gnu-tools-for-stm32.7-2018-q2-update.win32_1.0.0.201904181610/tools/bin/../lib/gcc/arm-none-eabi/7.3.1/thumb/v7e-m/fpv4-sp/hard\libgcc.a
LOAD c:/st/stm32cubeide_1.0.2/stm32cubeide/plugins/com.st.stm32cube.ide.mcu.externaltools.gnu-tools-for-stm32.7-2018-q2-update.win32_1.0.0.201904181610/tools/bin/../lib/gcc/arm-none-eabi/7.3.1/../../../../arm-none-eabi/lib/thumb/v7e-m/fpv4-sp/hard\libc_nano.a
LOAD c:/st/stm32cubeide_1.0.2/stm32cubeide/plugins/com.st.stm32cube.ide.mcu.externaltools.gnu-tools-for-stm32.7-2018-q2-update.win32_1.0.0.201904181610/tools/bin/../lib/gcc/arm-none-eabi/7.3.1/../../../../arm-none-eabi/lib/thumb/v7e-m/fpv4-sp/hard\libnosys.a
END GROUP
LOAD c:/st/stm32cubeide_1.0.2/stm32cubeide/plugins/com.st.stm32cube.ide.mcu.externaltools.gnu-tools-for-stm32.7-2018-q2-update.win32_1.0.0.201904181610/tools/bin/../lib/gcc/arm-none-eabi/7.3.1/thumb/v7e-m/fpv4-sp/hard/crtend.o
LOAD c:/st/stm32cubeide_1.0.2/stm32cubeide/plugins/com.st.stm32cube.ide.mcu.externaltools.gnu-tools-for-stm32.7-2018-q2-update.win32_1.0.0.201904181610/tools/bin/../lib/gcc/arm-none-eabi/7.3.1/thumb/v7e-m/fpv4-sp/hard/crtn.o
                0x0000000020018000                _estack = 0x20018000
                0x0000000000000200                _Min_Heap_Size = 0x200
                0x0000000000000400                _Min_Stack_Size = 0x400

.isr_vector     0x0000000008000000      0x194
                0x0000000008000000                . = ALIGN (0x4)
 *(.isr_vector)
 .isr_vector    0x0000000008000000      0x194 Startup/startup_stm32f401retx.o
                0x0000000008000000                g_pfnVectors
                0x0000000008000194                . = ALIGN (0x4)

.text           0x0000000008000194     0x47f4
                0x0000000008000194                . = ALIGN (0x4)
 *(.text)
 .text          0x0000000008000194       0x40 c:/st/stm32cubeide_1.0.2/stm32cubeide/plugins/com.st.stm32cube.ide.mcu.externaltools.gnu-tools-for-stm32.7-2018-q2-update.win32_1.0.0.201904181610/tools/bin/../lib/gcc/arm-none-eabi/7.3.1/thumb/v7e-m/fpv4-sp/hard/crtbegin.o
 .text          0x00000000080001d4       0x30 c:/st/stm32cubeide_1.0.2/stm32cubeide/plugins/com.st.stm32cube.ide.mcu.externaltools.gnu-tools-for-stm32.7-2018-q2-update.win32_1.0.0.201904181610/tools/bin/../lib/gcc/arm-none-eabi/7.3.1/thumb/v7e-m/fpv4-sp/hard\libgcc.a(_aeabi_uldivmod.o)
                0x00000000080001d4                __aeabi_uldivmod
 .text          0x0000000008000204      0x2cc c:/st/stm32cubeide_1.0.2/stm32cubeide/plugins/com.st.stm32cube.ide.mcu.externaltools.gnu-tools-for-stm32.7-2018-q2-update.win32_1.0.0.201904181610/tools/bin/../lib/gcc/arm-none-eabi/7.3.1/thumb/v7e-m/fpv4-sp/hard\libgcc.a(_udivmoddi4.o)
                0x0000000008000204                __udivmoddi4
 .text          0x00000000080004d0        0x4 c:/st/stm32cubeide_1.0.2/stm32cubeide/plugins/com.st.stm32cube.ide.mcu.externaltools.gnu-tools-for-stm32.7-2018-q2-update.win32_1.0.0.201904181610/tools/bin/../lib/gcc/arm-none-eabi/7.3.1/thumb/v7e-m/fpv4-sp/hard\libgcc.a(_dvmd_tls.o)
                0x00000000080004d0                __aeabi_idiv0
                0x00000000080004d0                __aeabi_ldiv0
 *(.text*)
 .text.HAL_Init
                0x00000000080004d4       0x44 Drivers/STM32F4xx_HAL_Driver/Src/stm32f4xx_hal.o
                0x00000000080004d4                HAL_Init
 .text.HAL_InitTick
                0x0000000008000518       0x60 Drivers/STM32F4xx_HAL_Driver/Src/stm32f4xx_hal.o
                0x0000000008000518                HAL_InitTick
 .text.HAL_IncTick
                0x0000000008000578       0x28 Drivers/STM32F4xx_HAL_Driver/Src/stm32f4xx_hal.o
                0x0000000008000578                HAL_IncTick
 .text.HAL_GetTick
                0x00000000080005a0       0x18 Drivers/STM32F4xx_HAL_Driver/Src/stm32f4xx_hal.o
                0x00000000080005a0                HAL_GetTick
 .text.HAL_Delay
                0x00000000080005b8       0x44 Drivers/STM32F4xx_HAL_Driver/Src/stm32f4xx_hal.o
                0x00000000080005b8                HAL_Delay
 .text.__NVIC_SetPriorityGrouping
                0x00000000080005fc       0x48 Drivers/STM32F4xx_HAL_Driver/Src/stm32f4xx_hal_cortex.o
 .text.__NVIC_GetPriorityGrouping
                0x0000000008000644       0x1c Drivers/STM32F4xx_HAL_Driver/Src/stm32f4xx_hal_cortex.o
 .text.__NVIC_EnableIRQ
                0x0000000008000660       0x3c Drivers/STM32F4xx_HAL_Driver/Src/stm32f4xx_hal_cortex.o
 .text.__NVIC_SetPriority
                0x000000000800069c       0x54 Drivers/STM32F4xx_HAL_Driver/Src/stm32f4xx_hal_cortex.o
 .text.NVIC_EncodePriority
                0x00000000080006f0       0x66 Drivers/STM32F4xx_HAL_Driver/Src/stm32f4xx_hal_cortex.o
 *fill*         0x0000000008000756        0x2 
 .text.SysTick_Config
                0x0000000008000758       0x44 Drivers/STM32F4xx_HAL_Driver/Src/stm32f4xx_hal_cortex.o
 .text.HAL_NVIC_SetPriorityGrouping
                0x000000000800079c       0x16 Drivers/STM32F4xx_HAL_Driver/Src/stm32f4xx_hal_cortex.o
                0x000000000800079c                HAL_NVIC_SetPriorityGrouping
 .text.HAL_NVIC_SetPriority
                0x00000000080007b2       0x38 Drivers/STM32F4xx_HAL_Driver/Src/stm32f4xx_hal_cortex.o
                0x00000000080007b2                HAL_NVIC_SetPriority
 .text.HAL_NVIC_EnableIRQ
                0x00000000080007ea       0x1c Drivers/STM32F4xx_HAL_Driver/Src/stm32f4xx_hal_cortex.o
                0x00000000080007ea                HAL_NVIC_EnableIRQ
 .text.HAL_SYSTICK_Config
                0x0000000008000806       0x18 Drivers/STM32F4xx_HAL_Driver/Src/stm32f4xx_hal_cortex.o
                0x0000000008000806                HAL_SYSTICK_Config
 *fill*         0x000000000800081e        0x2 
 .text.HAL_DMA_Init
                0x0000000008000820      0x15c Drivers/STM32F4xx_HAL_Driver/Src/stm32f4xx_hal_dma.o
                0x0000000008000820                HAL_DMA_Init
 .text.HAL_DMA_Abort_IT
                0x000000000800097c       0x44 Drivers/STM32F4xx_HAL_Driver/Src/stm32f4xx_hal_dma.o
                0x000000000800097c                HAL_DMA_Abort_IT
 .text.HAL_DMA_IRQHandler
                0x00000000080009c0      0x314 Drivers/STM32F4xx_HAL_Driver/Src/stm32f4xx_hal_dma.o
                0x00000000080009c0                HAL_DMA_IRQHandler
 .text.DMA_CalcBaseAndBitshift
                0x0000000008000cd4       0x6c Drivers/STM32F4xx_HAL_Driver/Src/stm32f4xx_hal_dma.o
 .text.DMA_CheckFifoParam
                0x0000000008000d40       0xf4 Drivers/STM32F4xx_HAL_Driver/Src/stm32f4xx_hal_dma.o
 .text.HAL_GPIO_Init
                0x0000000008000e34      0x304 Drivers/STM32F4xx_HAL_Driver/Src/stm32f4xx_hal_gpio.o
                0x0000000008000e34                HAL_GPIO_Init
 .text.HAL_GPIO_WritePin
                0x0000000008001138       0x32 Drivers/STM32F4xx_HAL_Driver/Src/stm32f4xx_hal_gpio.o
                0x0000000008001138                HAL_GPIO_WritePin
 *fill*         0x000000000800116a        0x2 
 .text.HAL_I2C_Init
                0x000000000800116c      0x270 Drivers/STM32F4xx_HAL_Driver/Src/stm32f4xx_hal_i2c.o
                0x000000000800116c                HAL_I2C_Init
 .text.HAL_I2C_Master_Transmit
                0x00000000080013dc      0x1fc Drivers/STM32F4xx_HAL_Driver/Src/stm32f4xx_hal_i2c.o
                0x00000000080013dc                HAL_I2C_Master_Transmit
 .text.I2C_MasterRequestWrite
                0x00000000080015d8      0x104 Drivers/STM32F4xx_HAL_Driver/Src/stm32f4xx_hal_i2c.o
 .text.I2C_WaitOnFlagUntilTimeout
                0x00000000080016dc       0xae Drivers/STM32F4xx_HAL_Driver/Src/stm32f4xx_hal_i2c.o
 .text.I2C_WaitOnMasterAddressFlagUntilTimeout
                0x000000000800178a       0xfe Drivers/STM32F4xx_HAL_Driver/Src/stm32f4xx_hal_i2c.o
 .text.I2C_WaitOnTXEFlagUntilTimeout
                0x0000000008001888       0x82 Drivers/STM32F4xx_HAL_Driver/Src/stm32f4xx_hal_i2c.o
 .text.I2C_WaitOnBTFFlagUntilTimeout
                0x000000000800190a       0x82 Drivers/STM32F4xx_HAL_Driver/Src/stm32f4xx_hal_i2c.o
 .text.I2C_IsAcknowledgeFailed
                0x000000000800198c       0x5e Drivers/STM32F4xx_HAL_Driver/Src/stm32f4xx_hal_i2c.o
 *fill*         0x00000000080019ea        0x2 
 .text.HAL_RCC_OscConfig
                0x00000000080019ec      0x4e0 Drivers/STM32F4xx_HAL_Driver/Src/stm32f4xx_hal_rcc.o
                0x00000000080019ec                HAL_RCC_OscConfig
 .text.HAL_RCC_ClockConfig
                0x0000000008001ecc      0x1cc Drivers/STM32F4xx_HAL_Driver/Src/stm32f4xx_hal_rcc.o
                0x0000000008001ecc                HAL_RCC_ClockConfig
 .text.HAL_RCC_GetSysClockFreq
                0x0000000008002098      0x1b0 Drivers/STM32F4xx_HAL_Driver/Src/stm32f4xx_hal_rcc.o
                0x0000000008002098                HAL_RCC_GetSysClockFreq
 .text.HAL_RCC_GetHCLKFreq
                0x0000000008002248       0x18 Drivers/STM32F4xx_HAL_Driver/Src/stm32f4xx_hal_rcc.o
                0x0000000008002248                HAL_RCC_GetHCLKFreq
 .text.HAL_RCC_GetPCLK1Freq
                0x0000000008002260       0x28 Drivers/STM32F4xx_HAL_Driver/Src/stm32f4xx_hal_rcc.o
                0x0000000008002260                HAL_RCC_GetPCLK1Freq
 .text.HAL_RCC_GetPCLK2Freq
                0x0000000008002288       0x28 Drivers/STM32F4xx_HAL_Driver/Src/stm32f4xx_hal_rcc.o
                0x0000000008002288                HAL_RCC_GetPCLK2Freq
 .text.HAL_RCCEx_PeriphCLKConfig
                0x00000000080022b0      0x1dc Drivers/STM32F4xx_HAL_Driver/Src/stm32f4xx_hal_rcc_ex.o
                0x00000000080022b0                HAL_RCCEx_PeriphCLKConfig
 .text.HAL_RTC_Init
                0x000000000800248c      0x122 Drivers/STM32F4xx_HAL_Driver/Src/stm32f4xx_hal_rtc.o
                0x000000000800248c                HAL_RTC_Init
 .text.HAL_RTC_SetTime
                0x00000000080025ae      0x17a Drivers/STM32F4xx_HAL_Driver/Src/stm32f4xx_hal_rtc.o
                0x00000000080025ae                HAL_RTC_SetTime
 .text.HAL_RTC_SetDate
                0x0000000008002728      0x14e Drivers/STM32F4xx_HAL_Driver/Src/stm32f4xx_hal_rtc.o
                0x0000000008002728                HAL_RTC_SetDate
 .text.HAL_RTC_WaitForSynchro
                0x0000000008002876       0x50 Drivers/STM32F4xx_HAL_Driver/Src/stm32f4xx_hal_rtc.o
                0x0000000008002876                HAL_RTC_WaitForSynchro
 .text.RTC_EnterInitMode
                0x00000000080028c6       0x58 Drivers/STM32F4xx_HAL_Driver/Src/stm32f4xx_hal_rtc.o
                0x00000000080028c6                RTC_EnterInitMode
 .text.RTC_ByteToBcd2
                0x000000000800291e       0x3c Drivers/STM32F4xx_HAL_Driver/Src/stm32f4xx_hal_rtc.o
                0x000000000800291e                RTC_ByteToBcd2
 .text.HAL_TIM_Base_Init
                0x000000000800295a       0x56 Drivers/STM32F4xx_HAL_Driver/Src/stm32f4xx_hal_tim.o
                0x000000000800295a                HAL_TIM_Base_Init
 .text.HAL_TIM_Base_Start
                0x00000000080029b0       0x48 Drivers/STM32F4xx_HAL_Driver/Src/stm32f4xx_hal_tim.o
                0x00000000080029b0                HAL_TIM_Base_Start
 .text.HAL_TIM_ConfigClockSource
                0x00000000080029f8      0x16e Drivers/STM32F4xx_HAL_Driver/Src/stm32f4xx_hal_tim.o
                0x00000000080029f8                HAL_TIM_ConfigClockSource
 *fill*         0x0000000008002b66        0x2 
 .text.TIM_Base_SetConfig
                0x0000000008002b68      0x100 Drivers/STM32F4xx_HAL_Driver/Src/stm32f4xx_hal_tim.o
                0x0000000008002b68                TIM_Base_SetConfig
 .text.TIM_TI1_ConfigInputStage
                0x0000000008002c68       0x5e Drivers/STM32F4xx_HAL_Driver/Src/stm32f4xx_hal_tim.o
 .text.TIM_TI2_ConfigInputStage
                0x0000000008002cc6       0x60 Drivers/STM32F4xx_HAL_Driver/Src/stm32f4xx_hal_tim.o
 .text.TIM_ITRx_SetConfig
                0x0000000008002d26       0x36 Drivers/STM32F4xx_HAL_Driver/Src/stm32f4xx_hal_tim.o
 .text.TIM_ETR_SetConfig
                0x0000000008002d5c       0x40 Drivers/STM32F4xx_HAL_Driver/Src/stm32f4xx_hal_tim.o
                0x0000000008002d5c                TIM_ETR_SetConfig
 .text.HAL_TIMEx_MasterConfigSynchronization
                0x0000000008002d9c       0xdc Drivers/STM32F4xx_HAL_Driver/Src/stm32f4xx_hal_tim_ex.o
                0x0000000008002d9c                HAL_TIMEx_MasterConfigSynchronization
 .text.HAL_UART_Init
                0x0000000008002e78       0x9a Drivers/STM32F4xx_HAL_Driver/Src/stm32f4xx_hal_uart.o
                0x0000000008002e78                HAL_UART_Init
 .text.HAL_UART_Transmit
                0x0000000008002f12      0x132 Drivers/STM32F4xx_HAL_Driver/Src/stm32f4xx_hal_uart.o
                0x0000000008002f12                HAL_UART_Transmit
 .text.HAL_UART_Transmit_IT
                0x0000000008003044       0x8a Drivers/STM32F4xx_HAL_Driver/Src/stm32f4xx_hal_uart.o
                0x0000000008003044                HAL_UART_Transmit_IT
 *fill*         0x00000000080030ce        0x2 
 .text.HAL_UART_IRQHandler
                0x00000000080030d0      0x200 Drivers/STM32F4xx_HAL_Driver/Src/stm32f4xx_hal_uart.o
                0x00000000080030d0                HAL_UART_IRQHandler
 .text.HAL_UART_ErrorCallback
                0x00000000080032d0       0x14 Drivers/STM32F4xx_HAL_Driver/Src/stm32f4xx_hal_uart.o
                0x00000000080032d0                HAL_UART_ErrorCallback
 .text.UART_WaitOnFlagUntilTimeout
                0x00000000080032e4       0x94 Drivers/STM32F4xx_HAL_Driver/Src/stm32f4xx_hal_uart.o
 .text.UART_EndRxTransfer
                0x0000000008003378       0x3c Drivers/STM32F4xx_HAL_Driver/Src/stm32f4xx_hal_uart.o
 .text.UART_DMAAbortOnError
                0x00000000080033b4       0x28 Drivers/STM32F4xx_HAL_Driver/Src/stm32f4xx_hal_uart.o
 .text.UART_Transmit_IT
                0x00000000080033dc       0xac Drivers/STM32F4xx_HAL_Driver/Src/stm32f4xx_hal_uart.o
 .text.UART_EndTransmit_IT
                0x0000000008003488       0x30 Drivers/STM32F4xx_HAL_Driver/Src/stm32f4xx_hal_uart.o
 .text.UART_Receive_IT
                0x00000000080034b8      0x102 Drivers/STM32F4xx_HAL_Driver/Src/stm32f4xx_hal_uart.o
 *fill*         0x00000000080035ba        0x2 
 .text.UART_SetConfig
                0x00000000080035bc      0x6f8 Drivers/STM32F4xx_HAL_Driver/Src/stm32f4xx_hal_uart.o
 .text.LCD_SendDataToExpander
                0x0000000008003cb4       0x28 Src/LCD_HD44780_I2C.o
                0x0000000008003cb4                LCD_SendDataToExpander
 .text.LCD_SetDataPort
                0x0000000008003cdc       0x8c Src/LCD_HD44780_I2C.o
 .text.LCD_SetRS
                0x0000000008003d68       0x20 Src/LCD_HD44780_I2C.o
 .text.LCD_ClearRS
                0x0000000008003d88       0x20 Src/LCD_HD44780_I2C.o
 .text.LCD_SetEN
                0x0000000008003da8       0x20 Src/LCD_HD44780_I2C.o
 .text.LCD_ClearEN
                0x0000000008003dc8       0x20 Src/LCD_HD44780_I2C.o
 .text.LCD_ClearRW
                0x0000000008003de8       0x20 Src/LCD_HD44780_I2C.o
 .text.LCD_BacklightOn
                0x0000000008003e08       0x20 Src/LCD_HD44780_I2C.o
                0x0000000008003e08                LCD_BacklightOn
 .text.LCD_WriteByte
                0x0000000008003e28       0x3c Src/LCD_HD44780_I2C.o
                0x0000000008003e28                LCD_WriteByte
 .text.LCD_WriteCmd
                0x0000000008003e64       0x26 Src/LCD_HD44780_I2C.o
                0x0000000008003e64                LCD_WriteCmd
 .text.LCD_WriteData
                0x0000000008003e8a       0x1e Src/LCD_HD44780_I2C.o
                0x0000000008003e8a                LCD_WriteData
 .text.LCD_Char
                0x0000000008003ea8       0x32 Src/LCD_HD44780_I2C.o
                0x0000000008003ea8                LCD_Char
 .text.LCD_String
                0x0000000008003eda       0x2a Src/LCD_HD44780_I2C.o
                0x0000000008003eda                LCD_String
 .text.LCD_Locate
                0x0000000008003f04       0x60 Src/LCD_HD44780_I2C.o
                0x0000000008003f04                LCD_Locate
 .text.LCD_Cls  0x0000000008003f64        0xe Src/LCD_HD44780_I2C.o
                0x0000000008003f64                LCD_Cls
 *fill*         0x0000000008003f72        0x2 
 .text.LCD_Init
                0x0000000008003f74       0x74 Src/LCD_HD44780_I2C.o
                0x0000000008003f74                LCD_Init
 .text.Delay_us
                0x0000000008003fe8       0x30 Src/delays.o
                0x0000000008003fe8                Delay_us
 .text.MX_DMA_Init
                0x0000000008004018       0x40 Src/dma.o
                0x0000000008004018                MX_DMA_Init
 .text.MX_GPIO_Init
                0x0000000008004058      0x100 Src/gpio.o
                0x0000000008004058                MX_GPIO_Init
 .text.MX_I2C1_Init
                0x0000000008004158       0x5c Src/i2c.o
                0x0000000008004158                MX_I2C1_Init
 .text.HAL_I2C_MspInit
                0x00000000080041b4      0x108 Src/i2c.o
                0x00000000080041b4                HAL_I2C_MspInit
 .text.main     0x00000000080042bc       0xa8 Src/main.o
                0x00000000080042bc                main
 .text.SystemClock_Config
                0x0000000008004364      0x108 Src/main.o
                0x0000000008004364                SystemClock_Config
 .text.HAL_UART_TxCpltCallback
                0x000000000800446c       0x28 Src/main.o
                0x000000000800446c                HAL_UART_TxCpltCallback
 .text.HAL_UART_RxCpltCallback
                0x0000000008004494       0x2c Src/main.o
                0x0000000008004494                HAL_UART_RxCpltCallback
 .text.Error_Handler
                0x00000000080044c0        0xe Src/main.o
                0x00000000080044c0                Error_Handler
 *fill*         0x00000000080044ce        0x2 
 .text.MX_RTC_Init
                0x00000000080044d0       0xb4 Src/rtc.o
                0x00000000080044d0                MX_RTC_Init
 .text.HAL_RTC_MspInit
                0x0000000008004584       0x2c Src/rtc.o
                0x0000000008004584                HAL_RTC_MspInit
 .text.HAL_MspInit
                0x00000000080045b0       0x50 Src/stm32f4xx_hal_msp.o
                0x00000000080045b0                HAL_MspInit
 .text.NMI_Handler
                0x0000000008004600        0xe Src/stm32f4xx_it.o
                0x0000000008004600                NMI_Handler
 .text.HardFault_Handler
                0x000000000800460e        0x6 Src/stm32f4xx_it.o
                0x000000000800460e                HardFault_Handler
 .text.MemManage_Handler
                0x0000000008004614        0x6 Src/stm32f4xx_it.o
                0x0000000008004614                MemManage_Handler
 .text.BusFault_Handler
                0x000000000800461a        0x6 Src/stm32f4xx_it.o
                0x000000000800461a                BusFault_Handler
 .text.UsageFault_Handler
                0x0000000008004620        0x6 Src/stm32f4xx_it.o
                0x0000000008004620                UsageFault_Handler
 .text.SVC_Handler
                0x0000000008004626        0xe Src/stm32f4xx_it.o
                0x0000000008004626                SVC_Handler
 .text.DebugMon_Handler
                0x0000000008004634        0xe Src/stm32f4xx_it.o
                0x0000000008004634                DebugMon_Handler
 .text.PendSV_Handler
                0x0000000008004642        0xe Src/stm32f4xx_it.o
                0x0000000008004642                PendSV_Handler
 .text.SysTick_Handler
                0x0000000008004650        0xc Src/stm32f4xx_it.o
                0x0000000008004650                SysTick_Handler
 .text.DMA1_Stream6_IRQHandler
                0x000000000800465c       0x14 Src/stm32f4xx_it.o
                0x000000000800465c                DMA1_Stream6_IRQHandler
 .text.USART6_IRQHandler
                0x0000000008004670       0x14 Src/stm32f4xx_it.o
                0x0000000008004670                USART6_IRQHandler
 .text.SystemInit
                0x0000000008004684       0x6c Src/system_stm32f4xx.o
                0x0000000008004684                SystemInit
 .text.MX_TIM3_Init
                0x00000000080046f0       0x9c Src/tim.o
                0x00000000080046f0                MX_TIM3_Init
 .text.HAL_TIM_Base_MspInit
                0x000000000800478c       0x44 Src/tim.o
                0x000000000800478c                HAL_TIM_Base_MspInit
 .text.MX_USART6_UART_Init
                0x00000000080047d0       0x54 Src/usart.o
                0x00000000080047d0                MX_USART6_UART_Init
 .text.HAL_UART_MspInit
                0x0000000008004824       0xa0 Src/usart.o
                0x0000000008004824                HAL_UART_MspInit
 .text.Reset_Handler
                0x00000000080048c4       0x50 Startup/startup_stm32f401retx.o
                0x00000000080048c4                Reset_Handler
 .text.Default_Handler
                0x0000000008004914        0x2 Startup/startup_stm32f401retx.o
                0x0000000008004914                RTC_Alarm_IRQHandler
                0x0000000008004914                EXTI2_IRQHandler
                0x0000000008004914                SPI4_IRQHandler
                0x0000000008004914                TIM1_CC_IRQHandler
                0x0000000008004914                DMA2_Stream5_IRQHandler
                0x0000000008004914                DMA1_Stream5_IRQHandler
                0x0000000008004914                PVD_IRQHandler
                0x0000000008004914                SDIO_IRQHandler
                0x0000000008004914                TAMP_STAMP_IRQHandler
                0x0000000008004914                EXTI3_IRQHandler
                0x0000000008004914                TIM1_UP_TIM10_IRQHandler
                0x0000000008004914                I2C3_ER_IRQHandler
                0x0000000008004914                EXTI0_IRQHandler
                0x0000000008004914                I2C2_EV_IRQHandler
                0x0000000008004914                DMA1_Stream2_IRQHandler
                0x0000000008004914                FPU_IRQHandler
                0x0000000008004914                DMA2_Stream2_IRQHandler
                0x0000000008004914                SPI1_IRQHandler
                0x0000000008004914                TIM1_BRK_TIM9_IRQHandler
                0x0000000008004914                DMA2_Stream3_IRQHandler
                0x0000000008004914                DMA2_Stream0_IRQHandler
                0x0000000008004914                TIM4_IRQHandler
                0x0000000008004914                I2C1_EV_IRQHandler
                0x0000000008004914                DMA1_Stream1_IRQHandler
                0x0000000008004914                TIM3_IRQHandler
                0x0000000008004914                RCC_IRQHandler
                0x0000000008004914                Default_Handler
                0x0000000008004914                EXTI15_10_IRQHandler
                0x0000000008004914                ADC_IRQHandler
                0x0000000008004914                DMA1_Stream7_IRQHandler
                0x0000000008004914                TIM5_IRQHandler
                0x0000000008004914                DMA2_Stream7_IRQHandler
                0x0000000008004914                I2C3_EV_IRQHandler
                0x0000000008004914                EXTI9_5_IRQHandler
                0x0000000008004914                RTC_WKUP_IRQHandler
                0x0000000008004914                SPI2_IRQHandler
                0x0000000008004914                DMA1_Stream0_IRQHandler
                0x0000000008004914                EXTI4_IRQHandler
                0x0000000008004914                WWDG_IRQHandler
                0x0000000008004914                TIM2_IRQHandler
                0x0000000008004914                OTG_FS_WKUP_IRQHandler
                0x0000000008004914                TIM1_TRG_COM_TIM11_IRQHandler
                0x0000000008004914                EXTI1_IRQHandler
                0x0000000008004914                USART2_IRQHandler
                0x0000000008004914                I2C2_ER_IRQHandler
                0x0000000008004914                DMA2_Stream1_IRQHandler
                0x0000000008004914                FLASH_IRQHandler
                0x0000000008004914                DMA2_Stream4_IRQHandler
                0x0000000008004914                USART1_IRQHandler
                0x0000000008004914                OTG_FS_IRQHandler
                0x0000000008004914                SPI3_IRQHandler
                0x0000000008004914                DMA1_Stream4_IRQHandler
                0x0000000008004914                I2C1_ER_IRQHandler
                0x0000000008004914                DMA2_Stream6_IRQHandler
                0x0000000008004914                DMA1_Stream3_IRQHandler
 *fill*         0x0000000008004916        0x2 
 .text.__libc_init_array
                0x0000000008004918       0x48 c:/st/stm32cubeide_1.0.2/stm32cubeide/plugins/com.st.stm32cube.ide.mcu.externaltools.gnu-tools-for-stm32.7-2018-q2-update.win32_1.0.0.201904181610/tools/bin/../lib/gcc/arm-none-eabi/7.3.1/../../../../arm-none-eabi/lib/thumb/v7e-m/fpv4-sp/hard\libc_nano.a(lib_a-init.o)
                0x0000000008004918                __libc_init_array
 .text.memset   0x0000000008004960       0x10 c:/st/stm32cubeide_1.0.2/stm32cubeide/plugins/com.st.stm32cube.ide.mcu.externaltools.gnu-tools-for-stm32.7-2018-q2-update.win32_1.0.0.201904181610/tools/bin/../lib/gcc/arm-none-eabi/7.3.1/../../../../arm-none-eabi/lib/thumb/v7e-m/fpv4-sp/hard\libc_nano.a(lib_a-memset.o)
                0x0000000008004960                memset
 *(.glue_7)
 .glue_7        0x0000000008004970        0x0 linker stubs
 *(.glue_7t)
 .glue_7t       0x0000000008004970        0x0 linker stubs
 *(.eh_frame)
 .eh_frame      0x0000000008004970        0x0 c:/st/stm32cubeide_1.0.2/stm32cubeide/plugins/com.st.stm32cube.ide.mcu.externaltools.gnu-tools-for-stm32.7-2018-q2-update.win32_1.0.0.201904181610/tools/bin/../lib/gcc/arm-none-eabi/7.3.1/thumb/v7e-m/fpv4-sp/hard/crtbegin.o
 *(.init)
 .init          0x0000000008004970        0x4 c:/st/stm32cubeide_1.0.2/stm32cubeide/plugins/com.st.stm32cube.ide.mcu.externaltools.gnu-tools-for-stm32.7-2018-q2-update.win32_1.0.0.201904181610/tools/bin/../lib/gcc/arm-none-eabi/7.3.1/thumb/v7e-m/fpv4-sp/hard/crti.o
                0x0000000008004970                _init
 .init          0x0000000008004974        0x8 c:/st/stm32cubeide_1.0.2/stm32cubeide/plugins/com.st.stm32cube.ide.mcu.externaltools.gnu-tools-for-stm32.7-2018-q2-update.win32_1.0.0.201904181610/tools/bin/../lib/gcc/arm-none-eabi/7.3.1/thumb/v7e-m/fpv4-sp/hard/crtn.o
 *(.fini)
 .fini          0x000000000800497c        0x4 c:/st/stm32cubeide_1.0.2/stm32cubeide/plugins/com.st.stm32cube.ide.mcu.externaltools.gnu-tools-for-stm32.7-2018-q2-update.win32_1.0.0.201904181610/tools/bin/../lib/gcc/arm-none-eabi/7.3.1/thumb/v7e-m/fpv4-sp/hard/crti.o
                0x000000000800497c                _fini
 .fini          0x0000000008004980        0x8 c:/st/stm32cubeide_1.0.2/stm32cubeide/plugins/com.st.stm32cube.ide.mcu.externaltools.gnu-tools-for-stm32.7-2018-q2-update.win32_1.0.0.201904181610/tools/bin/../lib/gcc/arm-none-eabi/7.3.1/thumb/v7e-m/fpv4-sp/hard/crtn.o
                0x0000000008004988                . = ALIGN (0x4)
                0x0000000008004988                _etext = .

.vfp11_veneer   0x0000000008004988        0x0
 .vfp11_veneer  0x0000000008004988        0x0 linker stubs

.v4_bx          0x0000000008004988        0x0
 .v4_bx         0x0000000008004988        0x0 linker stubs

.iplt           0x0000000008004988        0x0
 .iplt          0x0000000008004988        0x0 c:/st/stm32cubeide_1.0.2/stm32cubeide/plugins/com.st.stm32cube.ide.mcu.externaltools.gnu-tools-for-stm32.7-2018-q2-update.win32_1.0.0.201904181610/tools/bin/../lib/gcc/arm-none-eabi/7.3.1/thumb/v7e-m/fpv4-sp/hard/crtbegin.o

.rodata         0x0000000008004988       0x30
                0x0000000008004988                . = ALIGN (0x4)
 *(.rodata)
 .rodata        0x0000000008004988        0xf Src/main.o
 *(.rodata*)
 *fill*         0x0000000008004997        0x1 
 .rodata.flagBitshiftOffset.8411
                0x0000000008004998        0x8 Drivers/STM32F4xx_HAL_Driver/Src/stm32f4xx_hal_dma.o
 .rodata.AHBPrescTable
                0x00000000080049a0       0x10 Src/system_stm32f4xx.o
                0x00000000080049a0                AHBPrescTable
 .rodata.APBPrescTable
                0x00000000080049b0        0x8 Src/system_stm32f4xx.o
                0x00000000080049b0                APBPrescTable
                0x00000000080049b8                . = ALIGN (0x4)

.ARM.extab      0x00000000080049b8        0x0
                0x00000000080049b8                . = ALIGN (0x4)
 *(.ARM.extab* .gnu.linkonce.armextab.*)
                0x00000000080049b8                . = ALIGN (0x4)

.ARM            0x00000000080049b8        0x8
                0x00000000080049b8                . = ALIGN (0x4)
                0x00000000080049b8                __exidx_start = .
 *(.ARM.exidx*)
 .ARM.exidx     0x00000000080049b8        0x8 c:/st/stm32cubeide_1.0.2/stm32cubeide/plugins/com.st.stm32cube.ide.mcu.externaltools.gnu-tools-for-stm32.7-2018-q2-update.win32_1.0.0.201904181610/tools/bin/../lib/gcc/arm-none-eabi/7.3.1/thumb/v7e-m/fpv4-sp/hard\libgcc.a(_udivmoddi4.o)
                0x00000000080049c0                __exidx_end = .
                0x00000000080049c0                . = ALIGN (0x4)

.rel.dyn        0x00000000080049c0        0x0
 .rel.iplt      0x00000000080049c0        0x0 c:/st/stm32cubeide_1.0.2/stm32cubeide/plugins/com.st.stm32cube.ide.mcu.externaltools.gnu-tools-for-stm32.7-2018-q2-update.win32_1.0.0.201904181610/tools/bin/../lib/gcc/arm-none-eabi/7.3.1/thumb/v7e-m/fpv4-sp/hard/crtbegin.o

.preinit_array  0x00000000080049c0        0x0
                0x00000000080049c0                . = ALIGN (0x4)
                0x00000000080049c0                PROVIDE (__preinit_array_start = .)
 *(.preinit_array*)
                0x00000000080049c0                PROVIDE (__preinit_array_end = .)
                0x00000000080049c0                . = ALIGN (0x4)

.init_array     0x00000000080049c0        0x4
                0x00000000080049c0                . = ALIGN (0x4)
                0x00000000080049c0                PROVIDE (__init_array_start = .)
 *(SORT_BY_NAME(.init_array.*))
 *(.init_array*)
 .init_array    0x00000000080049c0        0x4 c:/st/stm32cubeide_1.0.2/stm32cubeide/plugins/com.st.stm32cube.ide.mcu.externaltools.gnu-tools-for-stm32.7-2018-q2-update.win32_1.0.0.201904181610/tools/bin/../lib/gcc/arm-none-eabi/7.3.1/thumb/v7e-m/fpv4-sp/hard/crtbegin.o
                0x00000000080049c4                PROVIDE (__init_array_end = .)
                0x00000000080049c4                . = ALIGN (0x4)

.fini_array     0x00000000080049c4        0x4
                0x00000000080049c4                . = ALIGN (0x4)
                [!provide]                        PROVIDE (__fini_array_start = .)
 *(SORT_BY_NAME(.fini_array.*))
 *(.fini_array*)
 .fini_array    0x00000000080049c4        0x4 c:/st/stm32cubeide_1.0.2/stm32cubeide/plugins/com.st.stm32cube.ide.mcu.externaltools.gnu-tools-for-stm32.7-2018-q2-update.win32_1.0.0.201904181610/tools/bin/../lib/gcc/arm-none-eabi/7.3.1/thumb/v7e-m/fpv4-sp/hard/crtbegin.o
                [!provide]                        PROVIDE (__fini_array_end = .)
                0x00000000080049c8                . = ALIGN (0x4)
                0x00000000080049c8                _sidata = LOADADDR (.data)

.data           0x0000000020000000       0x34 load address 0x00000000080049c8
                0x0000000020000000                . = ALIGN (0x4)
                0x0000000020000000                _sdata = .
 *(.data)
 *(.data*)
 .data.uwTickPrio
                0x0000000020000000        0x4 Drivers/STM32F4xx_HAL_Driver/Src/stm32f4xx_hal.o
                0x0000000020000000                uwTickPrio
 .data.uwTickFreq
                0x0000000020000004        0x1 Drivers/STM32F4xx_HAL_Driver/Src/stm32f4xx_hal.o
                0x0000000020000004                uwTickFreq
 *fill*         0x0000000020000005        0x3 
 .data.txBuffer
                0x0000000020000008       0x27 Src/main.o
                0x0000000020000008                txBuffer
 *fill*         0x000000002000002f        0x1 
 .data.SystemCoreClock
                0x0000000020000030        0x4 Src/system_stm32f4xx.o
                0x0000000020000030                SystemCoreClock
                0x0000000020000034                . = ALIGN (0x4)
                0x0000000020000034                _edata = .

.igot.plt       0x0000000020000034        0x0 load address 0x00000000080049fc
 .igot.plt      0x0000000020000034        0x0 c:/st/stm32cubeide_1.0.2/stm32cubeide/plugins/com.st.stm32cube.ide.mcu.externaltools.gnu-tools-for-stm32.7-2018-q2-update.win32_1.0.0.201904181610/tools/bin/../lib/gcc/arm-none-eabi/7.3.1/thumb/v7e-m/fpv4-sp/hard/crtbegin.o
                0x0000000020000034                . = ALIGN (0x4)

.bss            0x0000000020000034      0x18c load address 0x00000000080049fc
                0x0000000020000034                _sbss = .
                0x0000000020000034                __bss_start__ = _sbss
 *(.bss)
 .bss           0x0000000020000034       0x1c c:/st/stm32cubeide_1.0.2/stm32cubeide/plugins/com.st.stm32cube.ide.mcu.externaltools.gnu-tools-for-stm32.7-2018-q2-update.win32_1.0.0.201904181610/tools/bin/../lib/gcc/arm-none-eabi/7.3.1/thumb/v7e-m/fpv4-sp/hard/crtbegin.o
 *(.bss*)
 .bss.txLen     0x0000000020000050        0x2 Src/main.o
                0x0000000020000050                txLen
 .bss.rcvFlag   0x0000000020000052        0x1 Src/main.o
                0x0000000020000052                rcvFlag
 .bss.sndFlag   0x0000000020000053        0x1 Src/main.o
                0x0000000020000053                sndFlag
 *(COMMON)
 COMMON         0x0000000020000054        0x4 Drivers/STM32F4xx_HAL_Driver/Src/stm32f4xx_hal.o
                0x0000000020000054                uwTick
 COMMON         0x0000000020000058        0x8 Src/LCD_HD44780_I2C.o
                0x0000000020000058                ByteToExpander
                0x0000000020000059                LcdAddress
                0x000000002000005c                hi2c_lcd
 COMMON         0x0000000020000060       0xb4 Src/i2c.o
                0x0000000020000060                hdma_i2c1_tx
                0x00000000200000c0                hi2c1
 COMMON         0x0000000020000114        0xa Src/main.o
                0x0000000020000114                rxBuffer
 *fill*         0x000000002000011e        0x2 
 COMMON         0x0000000020000120       0x20 Src/rtc.o
                0x0000000020000120                hrtc
 COMMON         0x0000000020000140       0x40 Src/tim.o
                0x0000000020000140                htim3
 COMMON         0x0000000020000180       0x40 Src/usart.o
                0x0000000020000180                huart6
                0x00000000200001c0                . = ALIGN (0x4)
                0x00000000200001c0                _ebss = .
                0x00000000200001c0                __bss_end__ = _ebss

._user_heap_stack
                0x00000000200001c0      0x600 load address 0x00000000080049fc
                0x00000000200001c0                . = ALIGN (0x8)
                0x00000000200001c0                PROVIDE (end = .)
                [!provide]                        PROVIDE (_end = .)
                0x00000000200003c0                . = (. + _Min_Heap_Size)
 *fill*         0x00000000200001c0      0x200 
                0x00000000200007c0                . = (. + _Min_Stack_Size)
 *fill*         0x00000000200003c0      0x400 
                0x00000000200007c0                . = ALIGN (0x8)

/DISCARD/
 libc.a(*)
 libm.a(*)
 libgcc.a(*)

.ARM.attributes
                0x0000000000000000       0x30
 *(.ARM.attributes)
 .ARM.attributes
                0x0000000000000000       0x22 c:/st/stm32cubeide_1.0.2/stm32cubeide/plugins/com.st.stm32cube.ide.mcu.externaltools.gnu-tools-for-stm32.7-2018-q2-update.win32_1.0.0.201904181610/tools/bin/../lib/gcc/arm-none-eabi/7.3.1/thumb/v7e-m/fpv4-sp/hard/crti.o
 .ARM.attributes
                0x0000000000000022       0x34 c:/st/stm32cubeide_1.0.2/stm32cubeide/plugins/com.st.stm32cube.ide.mcu.externaltools.gnu-tools-for-stm32.7-2018-q2-update.win32_1.0.0.201904181610/tools/bin/../lib/gcc/arm-none-eabi/7.3.1/thumb/v7e-m/fpv4-sp/hard/crtbegin.o
 .ARM.attributes
                0x0000000000000056       0x39 Drivers/STM32F4xx_HAL_Driver/Src/stm32f4xx_hal.o
 .ARM.attributes
                0x000000000000008f       0x39 Drivers/STM32F4xx_HAL_Driver/Src/stm32f4xx_hal_cortex.o
 .ARM.attributes
                0x00000000000000c8       0x39 Drivers/STM32F4xx_HAL_Driver/Src/stm32f4xx_hal_dma.o
 .ARM.attributes
                0x0000000000000101       0x39 Drivers/STM32F4xx_HAL_Driver/Src/stm32f4xx_hal_gpio.o
 .ARM.attributes
                0x000000000000013a       0x39 Drivers/STM32F4xx_HAL_Driver/Src/stm32f4xx_hal_i2c.o
 .ARM.attributes
                0x0000000000000173       0x39 Drivers/STM32F4xx_HAL_Driver/Src/stm32f4xx_hal_rcc.o
 .ARM.attributes
                0x00000000000001ac       0x39 Drivers/STM32F4xx_HAL_Driver/Src/stm32f4xx_hal_rcc_ex.o
 .ARM.attributes
                0x00000000000001e5       0x39 Drivers/STM32F4xx_HAL_Driver/Src/stm32f4xx_hal_rtc.o
 .ARM.attributes
                0x000000000000021e       0x39 Drivers/STM32F4xx_HAL_Driver/Src/stm32f4xx_hal_tim.o
 .ARM.attributes
                0x0000000000000257       0x39 Drivers/STM32F4xx_HAL_Driver/Src/stm32f4xx_hal_tim_ex.o
 .ARM.attributes
                0x0000000000000290       0x39 Drivers/STM32F4xx_HAL_Driver/Src/stm32f4xx_hal_uart.o
 .ARM.attributes
                0x00000000000002c9       0x39 Src/LCD_HD44780_I2C.o
 .ARM.attributes
                0x0000000000000302       0x39 Src/delays.o
 .ARM.attributes
                0x000000000000033b       0x39 Src/dma.o
 .ARM.attributes
                0x0000000000000374       0x39 Src/gpio.o
 .ARM.attributes
                0x00000000000003ad       0x39 Src/i2c.o
 .ARM.attributes
                0x00000000000003e6       0x39 Src/main.o
 .ARM.attributes
                0x000000000000041f       0x39 Src/rtc.o
 .ARM.attributes
                0x0000000000000458       0x39 Src/stm32f4xx_hal_msp.o
 .ARM.attributes
                0x0000000000000491       0x39 Src/stm32f4xx_it.o
 .ARM.attributes
                0x00000000000004ca       0x39 Src/system_stm32f4xx.o
 .ARM.attributes
                0x0000000000000503       0x39 Src/tim.o
 .ARM.attributes
                0x000000000000053c       0x39 Src/usart.o
 .ARM.attributes
                0x0000000000000575       0x21 Startup/startup_stm32f401retx.o
 .ARM.attributes
                0x0000000000000596       0x34 c:/st/stm32cubeide_1.0.2/stm32cubeide/plugins/com.st.stm32cube.ide.mcu.externaltools.gnu-tools-for-stm32.7-2018-q2-update.win32_1.0.0.201904181610/tools/bin/../lib/gcc/arm-none-eabi/7.3.1/../../../../arm-none-eabi/lib/thumb/v7e-m/fpv4-sp/hard\libc_nano.a(lib_a-init.o)
 .ARM.attributes
                0x00000000000005ca       0x34 c:/st/stm32cubeide_1.0.2/stm32cubeide/plugins/com.st.stm32cube.ide.mcu.externaltools.gnu-tools-for-stm32.7-2018-q2-update.win32_1.0.0.201904181610/tools/bin/../lib/gcc/arm-none-eabi/7.3.1/../../../../arm-none-eabi/lib/thumb/v7e-m/fpv4-sp/hard\libc_nano.a(lib_a-memset.o)
 .ARM.attributes
                0x00000000000005fe       0x22 c:/st/stm32cubeide_1.0.2/stm32cubeide/plugins/com.st.stm32cube.ide.mcu.externaltools.gnu-tools-for-stm32.7-2018-q2-update.win32_1.0.0.201904181610/tools/bin/../lib/gcc/arm-none-eabi/7.3.1/thumb/v7e-m/fpv4-sp/hard\libgcc.a(_aeabi_uldivmod.o)
 .ARM.attributes
                0x0000000000000620       0x34 c:/st/stm32cubeide_1.0.2/stm32cubeide/plugins/com.st.stm32cube.ide.mcu.externaltools.gnu-tools-for-stm32.7-2018-q2-update.win32_1.0.0.201904181610/tools/bin/../lib/gcc/arm-none-eabi/7.3.1/thumb/v7e-m/fpv4-sp/hard\libgcc.a(_udivmoddi4.o)
 .ARM.attributes
                0x0000000000000654       0x22 c:/st/stm32cubeide_1.0.2/stm32cubeide/plugins/com.st.stm32cube.ide.mcu.externaltools.gnu-tools-for-stm32.7-2018-q2-update.win32_1.0.0.201904181610/tools/bin/../lib/gcc/arm-none-eabi/7.3.1/thumb/v7e-m/fpv4-sp/hard\libgcc.a(_dvmd_tls.o)
 .ARM.attributes
                0x0000000000000676       0x22 c:/st/stm32cubeide_1.0.2/stm32cubeide/plugins/com.st.stm32cube.ide.mcu.externaltools.gnu-tools-for-stm32.7-2018-q2-update.win32_1.0.0.201904181610/tools/bin/../lib/gcc/arm-none-eabi/7.3.1/thumb/v7e-m/fpv4-sp/hard/crtn.o
OUTPUT(TotalController.elf elf32-littlearm)

.debug_info     0x0000000000000000    0x1199a
 .debug_info    0x0000000000000000      0x8d3 Drivers/STM32F4xx_HAL_Driver/Src/stm32f4xx_hal.o
 .debug_info    0x00000000000008d3      0xd92 Drivers/STM32F4xx_HAL_Driver/Src/stm32f4xx_hal_cortex.o
 .debug_info    0x0000000000001665      0x960 Drivers/STM32F4xx_HAL_Driver/Src/stm32f4xx_hal_dma.o
 .debug_info    0x0000000000001fc5      0x7dc Drivers/STM32F4xx_HAL_Driver/Src/stm32f4xx_hal_gpio.o
 .debug_info    0x00000000000027a1     0x23ba Drivers/STM32F4xx_HAL_Driver/Src/stm32f4xx_hal_i2c.o
 .debug_info    0x0000000000004b5b      0x92e Drivers/STM32F4xx_HAL_Driver/Src/stm32f4xx_hal_rcc.o
 .debug_info    0x0000000000005489      0x5e5 Drivers/STM32F4xx_HAL_Driver/Src/stm32f4xx_hal_rcc_ex.o
 .debug_info    0x0000000000005a6e      0xbb8 Drivers/STM32F4xx_HAL_Driver/Src/stm32f4xx_hal_rtc.o
 .debug_info    0x0000000000006626     0x24a1 Drivers/STM32F4xx_HAL_Driver/Src/stm32f4xx_hal_tim.o
 .debug_info    0x0000000000008ac7     0x114f Drivers/STM32F4xx_HAL_Driver/Src/stm32f4xx_hal_tim_ex.o
 .debug_info    0x0000000000009c16     0x1244 Drivers/STM32F4xx_HAL_Driver/Src/stm32f4xx_hal_uart.o
 .debug_info    0x000000000000ae5a     0x11e7 Src/LCD_HD44780_I2C.o
 .debug_info    0x000000000000c041      0x66e Src/delays.o
 .debug_info    0x000000000000c6af      0x4fe Src/dma.o
 .debug_info    0x000000000000cbad      0x4f2 Src/gpio.o
 .debug_info    0x000000000000d09f      0xa1d Src/i2c.o
 .debug_info    0x000000000000dabc     0x14bb Src/main.o
 .debug_info    0x000000000000ef77      0x61f Src/rtc.o
 .debug_info    0x000000000000f596      0x38c Src/stm32f4xx_hal_msp.o
 .debug_info    0x000000000000f922      0x699 Src/stm32f4xx_it.o
 .debug_info    0x000000000000ffbb      0x57e Src/system_stm32f4xx.o
 .debug_info    0x0000000000010539      0x945 Src/tim.o
 .debug_info    0x0000000000010e7e      0xafa Src/usart.o
 .debug_info    0x0000000000011978       0x22 Startup/startup_stm32f401retx.o

.debug_abbrev   0x0000000000000000     0x297e
 .debug_abbrev  0x0000000000000000      0x1f2 Drivers/STM32F4xx_HAL_Driver/Src/stm32f4xx_hal.o
 .debug_abbrev  0x00000000000001f2      0x2fa Drivers/STM32F4xx_HAL_Driver/Src/stm32f4xx_hal_cortex.o
 .debug_abbrev  0x00000000000004ec      0x1f1 Drivers/STM32F4xx_HAL_Driver/Src/stm32f4xx_hal_dma.o
 .debug_abbrev  0x00000000000006dd      0x1c9 Drivers/STM32F4xx_HAL_Driver/Src/stm32f4xx_hal_gpio.o
 .debug_abbrev  0x00000000000008a6      0x263 Drivers/STM32F4xx_HAL_Driver/Src/stm32f4xx_hal_i2c.o
 .debug_abbrev  0x0000000000000b09      0x245 Drivers/STM32F4xx_HAL_Driver/Src/stm32f4xx_hal_rcc.o
 .debug_abbrev  0x0000000000000d4e      0x173 Drivers/STM32F4xx_HAL_Driver/Src/stm32f4xx_hal_rcc_ex.o
 .debug_abbrev  0x0000000000000ec1      0x1cd Drivers/STM32F4xx_HAL_Driver/Src/stm32f4xx_hal_rtc.o
 .debug_abbrev  0x000000000000108e      0x23f Drivers/STM32F4xx_HAL_Driver/Src/stm32f4xx_hal_tim.o
 .debug_abbrev  0x00000000000012cd      0x22d Drivers/STM32F4xx_HAL_Driver/Src/stm32f4xx_hal_tim_ex.o
 .debug_abbrev  0x00000000000014fa      0x251 Drivers/STM32F4xx_HAL_Driver/Src/stm32f4xx_hal_uart.o
 .debug_abbrev  0x000000000000174b      0x2ad Src/LCD_HD44780_I2C.o
 .debug_abbrev  0x00000000000019f8      0x160 Src/delays.o
 .debug_abbrev  0x0000000000001b58      0x107 Src/dma.o
 .debug_abbrev  0x0000000000001c5f      0x134 Src/gpio.o
 .debug_abbrev  0x0000000000001d93      0x1aa Src/i2c.o
 .debug_abbrev  0x0000000000001f3d      0x212 Src/main.o
 .debug_abbrev  0x000000000000214f      0x150 Src/rtc.o
 .debug_abbrev  0x000000000000229f      0x109 Src/stm32f4xx_hal_msp.o
 .debug_abbrev  0x00000000000023a8      0x158 Src/stm32f4xx_it.o
 .debug_abbrev  0x0000000000002500      0x12b Src/system_stm32f4xx.o
 .debug_abbrev  0x000000000000262b      0x19f Src/tim.o
 .debug_abbrev  0x00000000000027ca      0x1a2 Src/usart.o
 .debug_abbrev  0x000000000000296c       0x12 Startup/startup_stm32f401retx.o

.debug_aranges  0x0000000000000000     0x10f0
 .debug_aranges
                0x0000000000000000       0xf0 Drivers/STM32F4xx_HAL_Driver/Src/stm32f4xx_hal.o
 .debug_aranges
                0x00000000000000f0      0x118 Drivers/STM32F4xx_HAL_Driver/Src/stm32f4xx_hal_cortex.o
 .debug_aranges
                0x0000000000000208       0x90 Drivers/STM32F4xx_HAL_Driver/Src/stm32f4xx_hal_dma.o
 .debug_aranges
                0x0000000000000298       0x58 Drivers/STM32F4xx_HAL_Driver/Src/stm32f4xx_hal_gpio.o
 .debug_aranges
                0x00000000000002f0      0x298 Drivers/STM32F4xx_HAL_Driver/Src/stm32f4xx_hal_i2c.o
 .debug_aranges
                0x0000000000000588       0x88 Drivers/STM32F4xx_HAL_Driver/Src/stm32f4xx_hal_rcc.o
 .debug_aranges
                0x0000000000000610       0x48 Drivers/STM32F4xx_HAL_Driver/Src/stm32f4xx_hal_rcc_ex.o
 .debug_aranges
                0x0000000000000658       0xb8 Drivers/STM32F4xx_HAL_Driver/Src/stm32f4xx_hal_rtc.o
 .debug_aranges
                0x0000000000000710      0x3a8 Drivers/STM32F4xx_HAL_Driver/Src/stm32f4xx_hal_tim.o
 .debug_aranges
                0x0000000000000ab8      0x150 Drivers/STM32F4xx_HAL_Driver/Src/stm32f4xx_hal_tim_ex.o
 .debug_aranges
                0x0000000000000c08      0x1d0 Drivers/STM32F4xx_HAL_Driver/Src/stm32f4xx_hal_uart.o
 .debug_aranges
                0x0000000000000dd8       0xd0 Src/LCD_HD44780_I2C.o
 .debug_aranges
                0x0000000000000ea8       0x20 Src/delays.o
 .debug_aranges
                0x0000000000000ec8       0x20 Src/dma.o
 .debug_aranges
                0x0000000000000ee8       0x20 Src/gpio.o
 .debug_aranges
                0x0000000000000f08       0x30 Src/i2c.o
 .debug_aranges
                0x0000000000000f38       0x48 Src/main.o
 .debug_aranges
                0x0000000000000f80       0x30 Src/rtc.o
 .debug_aranges
                0x0000000000000fb0       0x20 Src/stm32f4xx_hal_msp.o
 .debug_aranges
                0x0000000000000fd0       0x70 Src/stm32f4xx_it.o
 .debug_aranges
                0x0000000000001040       0x28 Src/system_stm32f4xx.o
 .debug_aranges
                0x0000000000001068       0x30 Src/tim.o
 .debug_aranges
                0x0000000000001098       0x30 Src/usart.o
 .debug_aranges
                0x00000000000010c8       0x28 Startup/startup_stm32f401retx.o

.debug_ranges   0x0000000000000000      0xf98
 .debug_ranges  0x0000000000000000       0xe0 Drivers/STM32F4xx_HAL_Driver/Src/stm32f4xx_hal.o
 .debug_ranges  0x00000000000000e0      0x108 Drivers/STM32F4xx_HAL_Driver/Src/stm32f4xx_hal_cortex.o
 .debug_ranges  0x00000000000001e8       0x80 Drivers/STM32F4xx_HAL_Driver/Src/stm32f4xx_hal_dma.o
 .debug_ranges  0x0000000000000268       0x48 Drivers/STM32F4xx_HAL_Driver/Src/stm32f4xx_hal_gpio.o
 .debug_ranges  0x00000000000002b0      0x2a8 Drivers/STM32F4xx_HAL_Driver/Src/stm32f4xx_hal_i2c.o
 .debug_ranges  0x0000000000000558       0x78 Drivers/STM32F4xx_HAL_Driver/Src/stm32f4xx_hal_rcc.o
 .debug_ranges  0x00000000000005d0       0x38 Drivers/STM32F4xx_HAL_Driver/Src/stm32f4xx_hal_rcc_ex.o
 .debug_ranges  0x0000000000000608       0xa8 Drivers/STM32F4xx_HAL_Driver/Src/stm32f4xx_hal_rtc.o
 .debug_ranges  0x00000000000006b0      0x398 Drivers/STM32F4xx_HAL_Driver/Src/stm32f4xx_hal_tim.o
 .debug_ranges  0x0000000000000a48      0x140 Drivers/STM32F4xx_HAL_Driver/Src/stm32f4xx_hal_tim_ex.o
 .debug_ranges  0x0000000000000b88      0x1c0 Drivers/STM32F4xx_HAL_Driver/Src/stm32f4xx_hal_uart.o
 .debug_ranges  0x0000000000000d48       0xc0 Src/LCD_HD44780_I2C.o
 .debug_ranges  0x0000000000000e08       0x10 Src/delays.o
 .debug_ranges  0x0000000000000e18       0x10 Src/dma.o
 .debug_ranges  0x0000000000000e28       0x10 Src/gpio.o
 .debug_ranges  0x0000000000000e38       0x20 Src/i2c.o
 .debug_ranges  0x0000000000000e58       0x38 Src/main.o
 .debug_ranges  0x0000000000000e90       0x20 Src/rtc.o
 .debug_ranges  0x0000000000000eb0       0x10 Src/stm32f4xx_hal_msp.o
 .debug_ranges  0x0000000000000ec0       0x60 Src/stm32f4xx_it.o
 .debug_ranges  0x0000000000000f20       0x18 Src/system_stm32f4xx.o
 .debug_ranges  0x0000000000000f38       0x20 Src/tim.o
 .debug_ranges  0x0000000000000f58       0x20 Src/usart.o
 .debug_ranges  0x0000000000000f78       0x20 Startup/startup_stm32f401retx.o

.debug_macro    0x0000000000000000    0x1848b
 .debug_macro   0x0000000000000000      0x260 Drivers/STM32F4xx_HAL_Driver/Src/stm32f4xx_hal.o
 .debug_macro   0x0000000000000260      0xa5a Drivers/STM32F4xx_HAL_Driver/Src/stm32f4xx_hal.o
 .debug_macro   0x0000000000000cba      0x196 Drivers/STM32F4xx_HAL_Driver/Src/stm32f4xx_hal.o
 .debug_macro   0x0000000000000e50       0x32 Drivers/STM32F4xx_HAL_Driver/Src/stm32f4xx_hal.o
 .debug_macro   0x0000000000000e82       0x28 Drivers/STM32F4xx_HAL_Driver/Src/stm32f4xx_hal.o
 .debug_macro   0x0000000000000eaa       0x22 Drivers/STM32F4xx_HAL_Driver/Src/stm32f4xx_hal.o
 .debug_macro   0x0000000000000ecc       0x8e Drivers/STM32F4xx_HAL_Driver/Src/stm32f4xx_hal.o
 .debug_macro   0x0000000000000f5a       0x51 Drivers/STM32F4xx_HAL_Driver/Src/stm32f4xx_hal.o
 .debug_macro   0x0000000000000fab       0xef Drivers/STM32F4xx_HAL_Driver/Src/stm32f4xx_hal.o
 .debug_macro   0x000000000000109a       0x6a Drivers/STM32F4xx_HAL_Driver/Src/stm32f4xx_hal.o
 .debug_macro   0x0000000000001104      0x1df Drivers/STM32F4xx_HAL_Driver/Src/stm32f4xx_hal.o
 .debug_macro   0x00000000000012e3       0x1c Drivers/STM32F4xx_HAL_Driver/Src/stm32f4xx_hal.o
 .debug_macro   0x00000000000012ff       0x22 Drivers/STM32F4xx_HAL_Driver/Src/stm32f4xx_hal.o
 .debug_macro   0x0000000000001321       0xdf Drivers/STM32F4xx_HAL_Driver/Src/stm32f4xx_hal.o
 .debug_macro   0x0000000000001400     0x102d Drivers/STM32F4xx_HAL_Driver/Src/stm32f4xx_hal.o
 .debug_macro   0x000000000000242d      0x11f Drivers/STM32F4xx_HAL_Driver/Src/stm32f4xx_hal.o
 .debug_macro   0x000000000000254c     0xb850 Drivers/STM32F4xx_HAL_Driver/Src/stm32f4xx_hal.o
 .debug_macro   0x000000000000dd9c       0x43 Drivers/STM32F4xx_HAL_Driver/Src/stm32f4xx_hal.o
 .debug_macro   0x000000000000dddf     0x3652 Drivers/STM32F4xx_HAL_Driver/Src/stm32f4xx_hal.o
 .debug_macro   0x0000000000011431      0x174 Drivers/STM32F4xx_HAL_Driver/Src/stm32f4xx_hal.o
 .debug_macro   0x00000000000115a5       0x5a Drivers/STM32F4xx_HAL_Driver/Src/stm32f4xx_hal.o
 .debug_macro   0x00000000000115ff      0x416 Drivers/STM32F4xx_HAL_Driver/Src/stm32f4xx_hal.o
 .debug_macro   0x0000000000011a15      0x9fe Drivers/STM32F4xx_HAL_Driver/Src/stm32f4xx_hal.o
 .debug_macro   0x0000000000012413      0x15f Drivers/STM32F4xx_HAL_Driver/Src/stm32f4xx_hal.o
 .debug_macro   0x0000000000012572      0x117 Drivers/STM32F4xx_HAL_Driver/Src/stm32f4xx_hal.o
 .debug_macro   0x0000000000012689       0xf8 Drivers/STM32F4xx_HAL_Driver/Src/stm32f4xx_hal.o
 .debug_macro   0x0000000000012781       0x27 Drivers/STM32F4xx_HAL_Driver/Src/stm32f4xx_hal.o
 .debug_macro   0x00000000000127a8      0x287 Drivers/STM32F4xx_HAL_Driver/Src/stm32f4xx_hal.o
 .debug_macro   0x0000000000012a2f       0x5f Drivers/STM32F4xx_HAL_Driver/Src/stm32f4xx_hal.o
 .debug_macro   0x0000000000012a8e      0x236 Drivers/STM32F4xx_HAL_Driver/Src/stm32f4xx_hal.o
 .debug_macro   0x0000000000012cc4      0x132 Drivers/STM32F4xx_HAL_Driver/Src/stm32f4xx_hal.o
 .debug_macro   0x0000000000012df6      0x264 Drivers/STM32F4xx_HAL_Driver/Src/stm32f4xx_hal.o
 .debug_macro   0x000000000001305a       0x2e Drivers/STM32F4xx_HAL_Driver/Src/stm32f4xx_hal.o
 .debug_macro   0x0000000000013088      0x1b5 Drivers/STM32F4xx_HAL_Driver/Src/stm32f4xx_hal.o
 .debug_macro   0x000000000001323d       0x22 Drivers/STM32F4xx_HAL_Driver/Src/stm32f4xx_hal.o
 .debug_macro   0x000000000001325f       0xd6 Drivers/STM32F4xx_HAL_Driver/Src/stm32f4xx_hal.o
 .debug_macro   0x0000000000013335      0x11a Drivers/STM32F4xx_HAL_Driver/Src/stm32f4xx_hal.o
 .debug_macro   0x000000000001344f       0x85 Drivers/STM32F4xx_HAL_Driver/Src/stm32f4xx_hal.o
 .debug_macro   0x00000000000134d4       0x89 Drivers/STM32F4xx_HAL_Driver/Src/stm32f4xx_hal.o
 .debug_macro   0x000000000001355d      0x31a Drivers/STM32F4xx_HAL_Driver/Src/stm32f4xx_hal.o
 .debug_macro   0x0000000000013877      0x405 Drivers/STM32F4xx_HAL_Driver/Src/stm32f4xx_hal.o
 .debug_macro   0x0000000000013c7c       0xe4 Drivers/STM32F4xx_HAL_Driver/Src/stm32f4xx_hal.o
 .debug_macro   0x0000000000013d60      0x8a0 Drivers/STM32F4xx_HAL_Driver/Src/stm32f4xx_hal.o
 .debug_macro   0x0000000000014600       0x47 Drivers/STM32F4xx_HAL_Driver/Src/stm32f4xx_hal.o
 .debug_macro   0x0000000000014647      0x287 Drivers/STM32F4xx_HAL_Driver/Src/stm32f4xx_hal.o
 .debug_macro   0x00000000000148ce      0x126 Drivers/STM32F4xx_HAL_Driver/Src/stm32f4xx_hal.o
 .debug_macro   0x00000000000149f4      0x200 Drivers/STM32F4xx_HAL_Driver/Src/stm32f4xx_hal_cortex.o
 .debug_macro   0x0000000000014bf4      0x206 Drivers/STM32F4xx_HAL_Driver/Src/stm32f4xx_hal_dma.o
 .debug_macro   0x0000000000014dfa      0x236 Drivers/STM32F4xx_HAL_Driver/Src/stm32f4xx_hal_gpio.o
 .debug_macro   0x0000000000015030      0x240 Drivers/STM32F4xx_HAL_Driver/Src/stm32f4xx_hal_i2c.o
 .debug_macro   0x0000000000015270      0x224 Drivers/STM32F4xx_HAL_Driver/Src/stm32f4xx_hal_rcc.o
 .debug_macro   0x0000000000015494      0x200 Drivers/STM32F4xx_HAL_Driver/Src/stm32f4xx_hal_rcc_ex.o
 .debug_macro   0x0000000000015694      0x201 Drivers/STM32F4xx_HAL_Driver/Src/stm32f4xx_hal_rtc.o
 .debug_macro   0x0000000000015895      0x201 Drivers/STM32F4xx_HAL_Driver/Src/stm32f4xx_hal_tim.o
 .debug_macro   0x0000000000015a96      0x200 Drivers/STM32F4xx_HAL_Driver/Src/stm32f4xx_hal_tim_ex.o
 .debug_macro   0x0000000000015c96      0x201 Drivers/STM32F4xx_HAL_Driver/Src/stm32f4xx_hal_uart.o
 .debug_macro   0x0000000000015e97      0x3ad Src/LCD_HD44780_I2C.o
 .debug_macro   0x0000000000016244       0x46 Src/LCD_HD44780_I2C.o
 .debug_macro   0x000000000001628a       0x18 Src/LCD_HD44780_I2C.o
 .debug_macro   0x00000000000162a2       0x3c Src/LCD_HD44780_I2C.o
 .debug_macro   0x00000000000162de       0x34 Src/LCD_HD44780_I2C.o
 .debug_macro   0x0000000000016312       0x16 Src/LCD_HD44780_I2C.o
 .debug_macro   0x0000000000016328       0x35 Src/LCD_HD44780_I2C.o
 .debug_macro   0x000000000001635d      0x32a Src/LCD_HD44780_I2C.o
 .debug_macro   0x0000000000016687       0x10 Src/LCD_HD44780_I2C.o
 .debug_macro   0x0000000000016697       0x52 Src/LCD_HD44780_I2C.o
 .debug_macro   0x00000000000166e9       0x1f Src/LCD_HD44780_I2C.o
 .debug_macro   0x0000000000016708       0x43 Src/LCD_HD44780_I2C.o
 .debug_macro   0x000000000001674b       0x20 Src/LCD_HD44780_I2C.o
 .debug_macro   0x000000000001676b      0x1a3 Src/LCD_HD44780_I2C.o
 .debug_macro   0x000000000001690e       0x10 Src/LCD_HD44780_I2C.o
 .debug_macro   0x000000000001691e       0x1c Src/LCD_HD44780_I2C.o
 .debug_macro   0x000000000001693a       0x52 Src/LCD_HD44780_I2C.o
 .debug_macro   0x000000000001698c       0x40 Src/LCD_HD44780_I2C.o
 .debug_macro   0x00000000000169cc       0x10 Src/LCD_HD44780_I2C.o
 .debug_macro   0x00000000000169dc       0x40 Src/LCD_HD44780_I2C.o
 .debug_macro   0x0000000000016a1c       0xd7 Src/LCD_HD44780_I2C.o
 .debug_macro   0x0000000000016af3       0x1c Src/LCD_HD44780_I2C.o
 .debug_macro   0x0000000000016b0f       0x3d Src/LCD_HD44780_I2C.o
 .debug_macro   0x0000000000016b4c       0x16 Src/LCD_HD44780_I2C.o
 .debug_macro   0x0000000000016b62      0x145 Src/LCD_HD44780_I2C.o
 .debug_macro   0x0000000000016ca7       0xc4 Src/LCD_HD44780_I2C.o
 .debug_macro   0x0000000000016d6b      0x221 Src/delays.o
 .debug_macro   0x0000000000016f8c       0x10 Src/delays.o
 .debug_macro   0x0000000000016f9c      0x214 Src/dma.o
 .debug_macro   0x00000000000171b0      0x214 Src/gpio.o
 .debug_macro   0x00000000000173c4      0x214 Src/i2c.o
 .debug_macro   0x00000000000175d8      0x253 Src/main.o
 .debug_macro   0x000000000001782b      0x214 Src/rtc.o
 .debug_macro   0x0000000000017a3f      0x20a Src/stm32f4xx_hal_msp.o
 .debug_macro   0x0000000000017c49      0x214 Src/stm32f4xx_it.o
 .debug_macro   0x0000000000017e5d      0x206 Src/system_stm32f4xx.o
 .debug_macro   0x0000000000018063      0x214 Src/tim.o
 .debug_macro   0x0000000000018277      0x214 Src/usart.o

.debug_line     0x0000000000000000     0xefa6
 .debug_line    0x0000000000000000      0x923 Drivers/STM32F4xx_HAL_Driver/Src/stm32f4xx_hal.o
 .debug_line    0x0000000000000923      0xa47 Drivers/STM32F4xx_HAL_Driver/Src/stm32f4xx_hal_cortex.o
 .debug_line    0x000000000000136a      0x9f1 Drivers/STM32F4xx_HAL_Driver/Src/stm32f4xx_hal_dma.o
 .debug_line    0x0000000000001d5b      0x8c6 Drivers/STM32F4xx_HAL_Driver/Src/stm32f4xx_hal_gpio.o
 .debug_line    0x0000000000002621     0x1b5d Drivers/STM32F4xx_HAL_Driver/Src/stm32f4xx_hal_i2c.o
 .debug_line    0x000000000000417e      0x97b Drivers/STM32F4xx_HAL_Driver/Src/stm32f4xx_hal_rcc.o
 .debug_line    0x0000000000004af9      0x846 Drivers/STM32F4xx_HAL_Driver/Src/stm32f4xx_hal_rcc_ex.o
 .debug_line    0x000000000000533f      0xab3 Drivers/STM32F4xx_HAL_Driver/Src/stm32f4xx_hal_rtc.o
 .debug_line    0x0000000000005df2     0x17e0 Drivers/STM32F4xx_HAL_Driver/Src/stm32f4xx_hal_tim.o
 .debug_line    0x00000000000075d2      0xd2e Drivers/STM32F4xx_HAL_Driver/Src/stm32f4xx_hal_tim_ex.o
 .debug_line    0x0000000000008300     0x1031 Drivers/STM32F4xx_HAL_Driver/Src/stm32f4xx_hal_uart.o
 .debug_line    0x0000000000009331      0xb02 Src/LCD_HD44780_I2C.o
 .debug_line    0x0000000000009e33      0x729 Src/delays.o
 .debug_line    0x000000000000a55c      0x714 Src/dma.o
 .debug_line    0x000000000000ac70      0x728 Src/gpio.o
 .debug_line    0x000000000000b398      0x75b Src/i2c.o
 .debug_line    0x000000000000baf3      0x816 Src/main.o
 .debug_line    0x000000000000c309      0x751 Src/rtc.o
 .debug_line    0x000000000000ca5a      0x719 Src/stm32f4xx_hal_msp.o
 .debug_line    0x000000000000d173      0x7e1 Src/stm32f4xx_it.o
 .debug_line    0x000000000000d954      0x73a Src/system_stm32f4xx.o
 .debug_line    0x000000000000e08e      0x747 Src/tim.o
 .debug_line    0x000000000000e7d5      0x750 Src/usart.o
 .debug_line    0x000000000000ef25       0x81 Startup/startup_stm32f401retx.o

.debug_str      0x0000000000000000    0x93fab
 .debug_str     0x0000000000000000    0x8bab1 Drivers/STM32F4xx_HAL_Driver/Src/stm32f4xx_hal.o
                                      0x8be25 (size before relaxing)
 .debug_str     0x000000000008bab1      0x3ed Drivers/STM32F4xx_HAL_Driver/Src/stm32f4xx_hal_cortex.o
                                      0x8bc02 (size before relaxing)
 .debug_str     0x000000000008be9e      0x52c Drivers/STM32F4xx_HAL_Driver/Src/stm32f4xx_hal_dma.o
                                      0x8b8bd (size before relaxing)
 .debug_str     0x000000000008c3ca      0x285 Drivers/STM32F4xx_HAL_Driver/Src/stm32f4xx_hal_gpio.o
                                      0x8b6f9 (size before relaxing)
 .debug_str     0x000000000008c64f      0xd0f Drivers/STM32F4xx_HAL_Driver/Src/stm32f4xx_hal_i2c.o
                                      0x8c3f6 (size before relaxing)
 .debug_str     0x000000000008d35e      0x384 Drivers/STM32F4xx_HAL_Driver/Src/stm32f4xx_hal_rcc.o
                                      0x8b8a7 (size before relaxing)
 .debug_str     0x000000000008d6e2      0x18a Drivers/STM32F4xx_HAL_Driver/Src/stm32f4xx_hal_rcc_ex.o
                                      0x8b600 (size before relaxing)
 .debug_str     0x000000000008d86c      0x480 Drivers/STM32F4xx_HAL_Driver/Src/stm32f4xx_hal_rtc.o
                                      0x8b855 (size before relaxing)
 .debug_str     0x000000000008dcec      0xf17 Drivers/STM32F4xx_HAL_Driver/Src/stm32f4xx_hal_tim.o
                                      0x8c5b4 (size before relaxing)
 .debug_str     0x000000000008ec03      0x4ec Drivers/STM32F4xx_HAL_Driver/Src/stm32f4xx_hal_tim_ex.o
                                      0x8bdb4 (size before relaxing)
 .debug_str     0x000000000008f0ef      0x6c0 Drivers/STM32F4xx_HAL_Driver/Src/stm32f4xx_hal_uart.o
                                      0x8bcf4 (size before relaxing)
 .debug_str     0x000000000008f7af     0x44a7 Src/LCD_HD44780_I2C.o
                                      0x8fd04 (size before relaxing)
 .debug_str     0x0000000000093c56       0x39 Src/delays.o
                                      0x8b76d (size before relaxing)
 .debug_str     0x0000000000093c8f       0x22 Src/dma.o
                                      0x8b7b5 (size before relaxing)
 .debug_str     0x0000000000093cb1       0x25 Src/gpio.o
                                      0x8b4c9 (size before relaxing)
 .debug_str     0x0000000000093cd6       0x31 Src/i2c.o
                                      0x8b9ef (size before relaxing)
 .debug_str     0x0000000000093d07       0xa2 Src/main.o
                                      0x8c6a4 (size before relaxing)
 .debug_str     0x0000000000093da9       0x23 Src/rtc.o
                                      0x8b623 (size before relaxing)
 .debug_str     0x0000000000093dcc       0x1b Src/stm32f4xx_hal_msp.o
                                      0x8b42e (size before relaxing)
 .debug_str     0x0000000000093de7       0xe2 Src/stm32f4xx_it.o
                                      0x8b7f8 (size before relaxing)
 .debug_str     0x0000000000093ec9       0x5a Src/system_stm32f4xx.o
                                      0x8b4b5 (size before relaxing)
 .debug_str     0x0000000000093f23       0x29 Src/tim.o
                                      0x8b959 (size before relaxing)
 .debug_str     0x0000000000093f4c       0x2e Src/usart.o
                                      0x8bc95 (size before relaxing)
 .debug_str     0x0000000000093f7a       0x31 Startup/startup_stm32f401retx.o
                                         0x7f (size before relaxing)

.comment        0x0000000000000000       0x7b
 .comment       0x0000000000000000       0x7b Drivers/STM32F4xx_HAL_Driver/Src/stm32f4xx_hal.o
                                         0x7c (size before relaxing)
 .comment       0x000000000000007b       0x7c Drivers/STM32F4xx_HAL_Driver/Src/stm32f4xx_hal_cortex.o
 .comment       0x000000000000007b       0x7c Drivers/STM32F4xx_HAL_Driver/Src/stm32f4xx_hal_dma.o
 .comment       0x000000000000007b       0x7c Drivers/STM32F4xx_HAL_Driver/Src/stm32f4xx_hal_gpio.o
 .comment       0x000000000000007b       0x7c Drivers/STM32F4xx_HAL_Driver/Src/stm32f4xx_hal_i2c.o
 .comment       0x000000000000007b       0x7c Drivers/STM32F4xx_HAL_Driver/Src/stm32f4xx_hal_rcc.o
 .comment       0x000000000000007b       0x7c Drivers/STM32F4xx_HAL_Driver/Src/stm32f4xx_hal_rcc_ex.o
 .comment       0x000000000000007b       0x7c Drivers/STM32F4xx_HAL_Driver/Src/stm32f4xx_hal_rtc.o
 .comment       0x000000000000007b       0x7c Drivers/STM32F4xx_HAL_Driver/Src/stm32f4xx_hal_tim.o
 .comment       0x000000000000007b       0x7c Drivers/STM32F4xx_HAL_Driver/Src/stm32f4xx_hal_tim_ex.o
 .comment       0x000000000000007b       0x7c Drivers/STM32F4xx_HAL_Driver/Src/stm32f4xx_hal_uart.o
 .comment       0x000000000000007b       0x7c Src/LCD_HD44780_I2C.o
 .comment       0x000000000000007b       0x7c Src/delays.o
 .comment       0x000000000000007b       0x7c Src/dma.o
 .comment       0x000000000000007b       0x7c Src/gpio.o
 .comment       0x000000000000007b       0x7c Src/i2c.o
 .comment       0x000000000000007b       0x7c Src/main.o
 .comment       0x000000000000007b       0x7c Src/rtc.o
 .comment       0x000000000000007b       0x7c Src/stm32f4xx_hal_msp.o
 .comment       0x000000000000007b       0x7c Src/stm32f4xx_it.o
 .comment       0x000000000000007b       0x7c Src/system_stm32f4xx.o
 .comment       0x000000000000007b       0x7c Src/tim.o
 .comment       0x000000000000007b       0x7c Src/usart.o

.debug_frame    0x0000000000000000     0x45a0
 .debug_frame   0x0000000000000000      0x374 Drivers/STM32F4xx_HAL_Driver/Src/stm32f4xx_hal.o
 .debug_frame   0x0000000000000374      0x498 Drivers/STM32F4xx_HAL_Driver/Src/stm32f4xx_hal_cortex.o
 .debug_frame   0x000000000000080c      0x250 Drivers/STM32F4xx_HAL_Driver/Src/stm32f4xx_hal_dma.o
 .debug_frame   0x0000000000000a5c      0x14c Drivers/STM32F4xx_HAL_Driver/Src/stm32f4xx_hal_gpio.o
 .debug_frame   0x0000000000000ba8      0xc38 Drivers/STM32F4xx_HAL_Driver/Src/stm32f4xx_hal_i2c.o
 .debug_frame   0x00000000000017e0      0x1f0 Drivers/STM32F4xx_HAL_Driver/Src/stm32f4xx_hal_rcc.o
 .debug_frame   0x00000000000019d0       0xf0 Drivers/STM32F4xx_HAL_Driver/Src/stm32f4xx_hal_rcc_ex.o
 .debug_frame   0x0000000000001ac0      0x308 Drivers/STM32F4xx_HAL_Driver/Src/stm32f4xx_hal_rtc.o
 .debug_frame   0x0000000000001dc8     0x10e8 Drivers/STM32F4xx_HAL_Driver/Src/stm32f4xx_hal_tim.o
 .debug_frame   0x0000000000002eb0      0x5c0 Drivers/STM32F4xx_HAL_Driver/Src/stm32f4xx_hal_tim_ex.o
 .debug_frame   0x0000000000003470      0x844 Drivers/STM32F4xx_HAL_Driver/Src/stm32f4xx_hal_uart.o
 .debug_frame   0x0000000000003cb4      0x304 Src/LCD_HD44780_I2C.o
 .debug_frame   0x0000000000003fb8       0x38 Src/delays.o
 .debug_frame   0x0000000000003ff0       0x34 Src/dma.o
 .debug_frame   0x0000000000004024       0x34 Src/gpio.o
 .debug_frame   0x0000000000004058       0x74 Src/i2c.o
 .debug_frame   0x00000000000040cc       0xd8 Src/main.o
 .debug_frame   0x00000000000041a4       0x84 Src/rtc.o
 .debug_frame   0x0000000000004228       0x38 Src/stm32f4xx_hal_msp.o
 .debug_frame   0x0000000000004260      0x144 Src/stm32f4xx_it.o
 .debug_frame   0x00000000000043a4       0x58 Src/system_stm32f4xx.o
 .debug_frame   0x00000000000043fc       0x84 Src/tim.o
 .debug_frame   0x0000000000004480       0x74 Src/usart.o
 .debug_frame   0x00000000000044f4       0x2c c:/st/stm32cubeide_1.0.2/stm32cubeide/plugins/com.st.stm32cube.ide.mcu.externaltools.gnu-tools-for-stm32.7-2018-q2-update.win32_1.0.0.201904181610/tools/bin/../lib/gcc/arm-none-eabi/7.3.1/../../../../arm-none-eabi/lib/thumb/v7e-m/fpv4-sp/hard\libc_nano.a(lib_a-init.o)
 .debug_frame   0x0000000000004520       0x20 c:/st/stm32cubeide_1.0.2/stm32cubeide/plugins/com.st.stm32cube.ide.mcu.externaltools.gnu-tools-for-stm32.7-2018-q2-update.win32_1.0.0.201904181610/tools/bin/../lib/gcc/arm-none-eabi/7.3.1/../../../../arm-none-eabi/lib/thumb/v7e-m/fpv4-sp/hard\libc_nano.a(lib_a-memset.o)
 .debug_frame   0x0000000000004540       0x2c c:/st/stm32cubeide_1.0.2/stm32cubeide/plugins/com.st.stm32cube.ide.mcu.externaltools.gnu-tools-for-stm32.7-2018-q2-update.win32_1.0.0.201904181610/tools/bin/../lib/gcc/arm-none-eabi/7.3.1/thumb/v7e-m/fpv4-sp/hard\libgcc.a(_aeabi_uldivmod.o)
 .debug_frame   0x000000000000456c       0x34 c:/st/stm32cubeide_1.0.2/stm32cubeide/plugins/com.st.stm32cube.ide.mcu.externaltools.gnu-tools-for-stm32.7-2018-q2-update.win32_1.0.0.201904181610/tools/bin/../lib/gcc/arm-none-eabi/7.3.1/thumb/v7e-m/fpv4-sp/hard\libgcc.a(_udivmoddi4.o)
