20:46:13 **** Incremental Build of configuration Debug for project AutoDriving ****
make -j8 all 
arm-none-eabi-g++ "../Inc/RCC/RCC_Init.cpp" -mcpu=cortex-m4 -std=gnu++14 -g3 -DNUCLEO_F401RE -DSTM32 -DSTM32F401RETx -DSTM32F4 -DDEBUG -c -I../Inc -O0 -ffunction-sections -fdata-sections -fno-exceptions -fno-rtti -fno-threadsafe-statics -fno-use-cxa-atexit -Wall -fstack-usage -MMD -MP -MF"Inc/RCC/RCC_Init.d" -MT"Inc/RCC/RCC_Init.o" --specs=nano.specs -mfpu=fpv4-sp-d16 -mfloat-abi=hard -mthumb -o "Inc/RCC/RCC_Init.o"
arm-none-eabi-g++ -o "AutoDriving.elf" @"objects.list"   -mcpu=cortex-m4 -T"C:\Users\Dongjin\Documents\GitHub\AutoDriving\Workspace\AutoDriving\STM32F401RETX_FLASH.ld" --specs=nosys.specs -Wl,-Map="AutoDriving.map" -Wl,--gc-sections -static --specs=nano.specs -mfpu=fpv4-sp-d16 -mfloat-abi=hard -mthumb -Wl,--start-group -lc -lm -lstdc++ -lsupc++ -Wl,--end-group
Finished building target: AutoDriving.elf
 
arm-none-eabi-objdump -h -S  AutoDriving.elf  > "AutoDriving.list"
arm-none-eabi-size   AutoDriving.elf 
   text	   data	    bss	    dec	    hex	filename
    656	      8	   1568	   2232	    8b8	AutoDriving.elf
Finished building: default.size.stdout
 
Finished building: AutoDriving.list
 

20:46:15 Build Finished. 0 errors, 0 warnings. (took 1s.704ms)

